Archive member included to satisfy reference by file (symbol)

c:/siliconlabs/simplicitystudio/v4_2/developer/toolchains/gnu_arm/7.2_2017q4/bin/../lib/gcc/arm-none-eabi/7.2.1/thumb/v7e-m/fpv4-sp/softfp\libgcc.a(_aeabi_uldivmod.o)
                              ./BSP/siliconlabs/generic/source/bsp_cpu.o (__aeabi_uldivmod)
c:/siliconlabs/simplicitystudio/v4_2/developer/toolchains/gnu_arm/7.2_2017q4/bin/../lib/gcc/arm-none-eabi/7.2.1/thumb/v7e-m/fpv4-sp/softfp\libgcc.a(_udivmoddi4.o)
                              c:/siliconlabs/simplicitystudio/v4_2/developer/toolchains/gnu_arm/7.2_2017q4/bin/../lib/gcc/arm-none-eabi/7.2.1/thumb/v7e-m/fpv4-sp/softfp\libgcc.a(_aeabi_uldivmod.o) (__udivmoddi4)
c:/siliconlabs/simplicitystudio/v4_2/developer/toolchains/gnu_arm/7.2_2017q4/bin/../lib/gcc/arm-none-eabi/7.2.1/thumb/v7e-m/fpv4-sp/softfp\libgcc.a(_dvmd_tls.o)
                              c:/siliconlabs/simplicitystudio/v4_2/developer/toolchains/gnu_arm/7.2_2017q4/bin/../lib/gcc/arm-none-eabi/7.2.1/thumb/v7e-m/fpv4-sp/softfp\libgcc.a(_aeabi_uldivmod.o) (__aeabi_ldiv0)
c:/siliconlabs/simplicitystudio/v4_2/developer/toolchains/gnu_arm/7.2_2017q4/bin/../lib/gcc/arm-none-eabi/7.2.1/../../../../arm-none-eabi/lib/thumb/v7e-m/fpv4-sp/softfp\libc_nano.a(lib_a-exit.o)
                              c:/siliconlabs/simplicitystudio/v4_2/developer/toolchains/gnu_arm/7.2_2017q4/bin/../lib/gcc/arm-none-eabi/7.2.1/../../../../arm-none-eabi/lib/thumb/v7e-m/fpv4-sp/softfp/crt0.o (exit)
c:/siliconlabs/simplicitystudio/v4_2/developer/toolchains/gnu_arm/7.2_2017q4/bin/../lib/gcc/arm-none-eabi/7.2.1/../../../../arm-none-eabi/lib/thumb/v7e-m/fpv4-sp/softfp\libc_nano.a(lib_a-impure.o)
                              c:/siliconlabs/simplicitystudio/v4_2/developer/toolchains/gnu_arm/7.2_2017q4/bin/../lib/gcc/arm-none-eabi/7.2.1/../../../../arm-none-eabi/lib/thumb/v7e-m/fpv4-sp/softfp\libc_nano.a(lib_a-exit.o) (_global_impure_ptr)
c:/siliconlabs/simplicitystudio/v4_2/developer/toolchains/gnu_arm/7.2_2017q4/bin/../lib/gcc/arm-none-eabi/7.2.1/../../../../arm-none-eabi/lib/thumb/v7e-m/fpv4-sp/softfp\libc_nano.a(lib_a-init.o)
                              c:/siliconlabs/simplicitystudio/v4_2/developer/toolchains/gnu_arm/7.2_2017q4/bin/../lib/gcc/arm-none-eabi/7.2.1/../../../../arm-none-eabi/lib/thumb/v7e-m/fpv4-sp/softfp/crt0.o (__libc_init_array)
c:/siliconlabs/simplicitystudio/v4_2/developer/toolchains/gnu_arm/7.2_2017q4/bin/../lib/gcc/arm-none-eabi/7.2.1/../../../../arm-none-eabi/lib/thumb/v7e-m/fpv4-sp/softfp\libc_nano.a(lib_a-memcpy-stub.o)
                              ./SystemView/SEGGER_RTT.o (memcpy)
c:/siliconlabs/simplicitystudio/v4_2/developer/toolchains/gnu_arm/7.2_2017q4/bin/../lib/gcc/arm-none-eabi/7.2.1/../../../../arm-none-eabi/lib/thumb/v7e-m/fpv4-sp/softfp\libc_nano.a(lib_a-memset.o)
                              c:/siliconlabs/simplicitystudio/v4_2/developer/toolchains/gnu_arm/7.2_2017q4/bin/../lib/gcc/arm-none-eabi/7.2.1/../../../../arm-none-eabi/lib/thumb/v7e-m/fpv4-sp/softfp/crt0.o (memset)
c:/siliconlabs/simplicitystudio/v4_2/developer/toolchains/gnu_arm/7.2_2017q4/bin/../lib/gcc/arm-none-eabi/7.2.1/../../../../arm-none-eabi/lib/thumb/v7e-m/fpv4-sp/softfp\libc_nano.a(lib_a-strcpy.o)
                              ./SystemView/SEGGER_RTT.o (strcpy)
c:/siliconlabs/simplicitystudio/v4_2/developer/toolchains/gnu_arm/7.2_2017q4/bin/../lib/gcc/arm-none-eabi/7.2.1/../../../../arm-none-eabi/lib/thumb/v7e-m/fpv4-sp/softfp\libc_nano.a(lib_a-strlen.o)
                              ./SystemView/SEGGER_RTT.o (strlen)
c:/siliconlabs/simplicitystudio/v4_2/developer/toolchains/gnu_arm/7.2_2017q4/bin/../lib/gcc/arm-none-eabi/7.2.1/../../../../arm-none-eabi/lib/thumb/v7e-m/fpv4-sp/softfp\libnosys.a(_exit.o)
                              c:/siliconlabs/simplicitystudio/v4_2/developer/toolchains/gnu_arm/7.2_2017q4/bin/../lib/gcc/arm-none-eabi/7.2.1/../../../../arm-none-eabi/lib/thumb/v7e-m/fpv4-sp/softfp\libc_nano.a(lib_a-exit.o) (_exit)

Allocating common symbols
Common symbol       size              file

OSRoundRobinTimer   0x18              ./kernel/source/os_core.o
OSSchedLockNestingCtr
                    0x1               ./kernel/source/os_var.o
OSStatTaskTimeMax   0x4               ./kernel/source/os_var.o
OSTaskRegNextAvailID
                    0x1               ./kernel/source/os_var.o
OSRunning           0x1               ./kernel/source/os_var.o
OSRdyList           0x300             ./kernel/source/os_var.o
pb0_status          0x1               ./src/Source_Files/gpio.o
OSInitialized       0x1               ./kernel/source/os_var.o
OSMonQty            0x2               ./kernel/source/os_var.o
OSPrioHighRdy       0x1               ./kernel/source/os_var.o
OSStatTaskRdy       0x1               ./kernel/source/os_var.o
OSSemDbgListPtr     0x4               ./kernel/source/os_var.o
OSCfg_StatTaskStk   0x4               ./kernel/source/os_cfg_app.o
Mem_SegHeadPtr      0x4               ./common/source/lib/lib_mem.o
[...]
Memory Configuration

Name             Origin             Length             Attributes
FLASH            0x00000000         0x00100000         xr
RAM              0x20000000         0x00040000         xrw
*default*        0x00000000         0xffffffff

Linker script and memory map

LOAD c:/siliconlabs/simplicitystudio/v4_2/developer/toolchains/gnu_arm/7.2_2017q4/bin/../lib/gcc/arm-none-eabi/7.2.1/thumb/v7e-m/fpv4-sp/softfp/crti.o
LOAD c:/siliconlabs/simplicitystudio/v4_2/developer/toolchains/gnu_arm/7.2_2017q4/bin/../lib/gcc/arm-none-eabi/7.2.1/thumb/v7e-m/fpv4-sp/softfp/crtbegin.o
LOAD c:/siliconlabs/simplicitystudio/v4_2/developer/toolchains/gnu_arm/7.2_2017q4/bin/../lib/gcc/arm-none-eabi/7.2.1/../../../../arm-none-eabi/lib/thumb/v7e-m/fpv4-sp/softfp/crt0.o
LOAD ./BSP/bsp_bcc.o
LOAD ./BSP/bsp_stk.o
LOAD ./BSP/bsp_stk_leds.o
LOAD ./BSP/bsp_trace.o
LOAD ./BSP/siliconlabs/generic/source/bsp_cpu.o
LOAD ./BSP/siliconlabs/generic/source/bsp_os.o
LOAD ./CMSIS/EFM32PG12B/startup_efm32pg12b.o
LOAD ./CMSIS/EFM32PG12B/system_efm32pg12b.o
LOAD ./Drivers/capsense.o
LOAD ./SystemView/SEGGER_RTT.o
LOAD ./SystemView/SEGGER_RTT_ASM_ARMv7M.o
LOAD ./SystemView/SEGGER_SYSVIEW.o
LOAD ./SystemView/SEGGER_SYSVIEW_Config_MicriumOSKernel.o
LOAD ./SystemView/SEGGER_SYSVIEW_MicriumOSKernel.o
LOAD ./common/sl_slist.o
LOAD ./common/source/auth/auth.o
LOAD ./common/source/collections/bitmap.o
LOAD ./common/source/collections/map.o
LOAD ./common/source/collections/slist.o
LOAD ./common/source/common/common.o
LOAD ./common/source/kal/kal_kernel.o
LOAD ./common/source/lib/lib_ascii.o
LOAD ./common/source/lib/lib_math.o
LOAD ./common/source/lib/lib_mem.o
LOAD ./common/source/lib/lib_str.o
LOAD ./common/source/platform_mgr/platform_mgr.o
LOAD ./common/source/rtos/rtos_err_str.o
LOAD ./cpu/source/cpu_core.o
LOAD ./emlib/em_acmp.o
LOAD ./emlib/em_assert.o
LOAD ./emlib/em_cmu.o
LOAD ./emlib/em_core.o
LOAD ./emlib/em_emu.o
LOAD ./emlib/em_gpio.o
LOAD ./emlib/em_rtcc.o
LOAD ./emlib/em_system.o
LOAD ./emlib/em_usart.o
LOAD ./kernel/source/os_cfg_app.o
LOAD ./kernel/source/os_core.o
LOAD ./kernel/source/os_dbg.o
LOAD ./kernel/source/os_flag.o
LOAD ./kernel/source/os_mon.o
LOAD ./kernel/source/os_msg.o
LOAD ./kernel/source/os_mutex.o
LOAD ./kernel/source/os_prio.o
LOAD ./kernel/source/os_q.o
LOAD ./kernel/source/os_sem.o
LOAD ./kernel/source/os_stat.o
LOAD ./kernel/source/os_task.o
LOAD ./kernel/source/os_time.o
LOAD ./kernel/source/os_tmr.o
LOAD ./kernel/source/os_var.o
LOAD ./ports/source/gnu/armv7m_cpu_a.o
LOAD ./ports/source/gnu/armv7m_os_cpu_a.o
LOAD ./ports/source/gnu/armv7m_os_cpu_c.o
LOAD ./service/sl_sleeptimer.o
LOAD ./service/sl_sleeptimer_hal_rtcc.o
LOAD ./src/Source_Files/app.o
LOAD ./src/Source_Files/cmu.o
LOAD ./src/Source_Files/gpio.o
LOAD ./src/Source_Files/main.o
START GROUP
LOAD c:/siliconlabs/simplicitystudio/v4_2/developer/toolchains/gnu_arm/7.2_2017q4/bin/../lib/gcc/arm-none-eabi/7.2.1/thumb/v7e-m/fpv4-sp/softfp\libgcc.a
LOAD c:/siliconlabs/simplicitystudio/v4_2/developer/toolchains/gnu_arm/7.2_2017q4/bin/../lib/gcc/arm-none-eabi/7.2.1/../../../../arm-none-eabi/lib/thumb/v7e-m/fpv4-sp/softfp\libc_nano.a
LOAD c:/siliconlabs/simplicitystudio/v4_2/developer/toolchains/gnu_arm/7.2_2017q4/bin/../lib/gcc/arm-none-eabi/7.2.1/../../../../arm-none-eabi/lib/thumb/v7e-m/fpv4-sp/softfp\libnosys.a
END GROUP
START GROUP
LOAD c:/siliconlabs/simplicitystudio/v4_2/developer/toolchains/gnu_arm/7.2_2017q4/bin/../lib/gcc/arm-none-eabi/7.2.1/thumb/v7e-m/fpv4-sp/softfp\libgcc.a
LOAD c:/siliconlabs/simplicitystudio/v4_2/developer/toolchains/gnu_arm/7.2_2017q4/bin/../lib/gcc/arm-none-eabi/7.2.1/../../../../arm-none-eabi/lib/thumb/v7e-m/fpv4-sp/softfp\libg_nano.a
LOAD c:/siliconlabs/simplicitystudio/v4_2/developer/toolchains/gnu_arm/7.2_2017q4/bin/../lib/gcc/arm-none-eabi/7.2.1/../../../../arm-none-eabi/lib/thumb/v7e-m/fpv4-sp/softfp\libc_nano.a
END GROUP
START GROUP
LOAD c:/siliconlabs/simplicitystudio/v4_2/developer/toolchains/gnu_arm/7.2_2017q4/bin/../lib/gcc/arm-none-eabi/7.2.1/thumb/v7e-m/fpv4-sp/softfp\libgcc.a
LOAD c:/siliconlabs/simplicitystudio/v4_2/developer/toolchains/gnu_arm/7.2_2017q4/bin/../lib/gcc/arm-none-eabi/7.2.1/../../../../arm-none-eabi/lib/thumb/v7e-m/fpv4-sp/softfp\libc_nano.a
END GROUP
LOAD c:/siliconlabs/simplicitystudio/v4_2/developer/toolchains/gnu_arm/7.2_2017q4/bin/../lib/gcc/arm-none-eabi/7.2.1/thumb/v7e-m/fpv4-sp/softfp/crtend.o
LOAD c:/siliconlabs/simplicitystudio/v4_2/developer/toolchains/gnu_arm/7.2_2017q4/bin/../lib/gcc/arm-none-eabi/7.2.1/thumb/v7e-m/fpv4-sp/softfp/crtn.o

.text           0x00000000     0xeef8
 *(.vectors)
 .vectors       0x00000000      0x10c ./CMSIS/EFM32PG12B/startup_efm32pg12b.o
                0x00000000                __Vectors
                0x0000010c                __Vectors_End = .
                0x0000010c                __Vectors_Size = (__Vectors_End - __Vectors)
                0x0000010c                __end__ = .
 *(.text*)
 .text          0x0000010c       0x40 c:/siliconlabs/simplicitystudio/v4_2/developer/toolchains/gnu_arm/7.2_2017q4/bin/../lib/gcc/arm-none-eabi/7.2.1/thumb/v7e-m/fpv4-sp/softfp/crtbegin.o
 .text          0x0000014c       0x74 c:/siliconlabs/simplicitystudio/v4_2/developer/toolchains/gnu_arm/7.2_2017q4/bin/../lib/gcc/arm-none-eabi/7.2.1/../../../../arm-none-eabi/lib/thumb/v7e-m/fpv4-sp/softfp/crt0.o
                0x0000014c                _start
                0x0000014c                _mainCRTStartup
 .text.CPU_TS_TmrInit
                0x000001c0       0x44 ./BSP/siliconlabs/generic/source/bsp_cpu.o
                0x000001c0                CPU_TS_TmrInit
 .text.CPU_TS_TmrRd
                0x00000204       0x20 ./BSP/siliconlabs/generic/source/bsp_cpu.o
                0x00000204                CPU_TS_TmrRd
 .text.CPU_TS32_to_uSec
                0x00000224       0x54 ./BSP/siliconlabs/generic/source/bsp_cpu.o
                0x00000224                CPU_TS32_to_uSec
 .text.SYSTEM_GetProdRev
                0x00000278       0x1c ./BSP/siliconlabs/generic/source/bsp_os.o
 .text.CHIP_Init
                0x00000294       0x84 ./BSP/siliconlabs/generic/source/bsp_os.o
 .text.BSP_SystemInit
                0x00000318       0x5c ./BSP/siliconlabs/generic/source/bsp_os.o
                0x00000318                BSP_SystemInit
 .text          0x00000374       0x30 ./CMSIS/EFM32PG12B/startup_efm32pg12b.o
                0x00000374                Reset_Handler
                0x000003a0                USART0_TX_IRQHandler
                0x000003a0                I2C0_IRQHandler
                0x000003a0                HardFault_Handler
                0x000003a0                USART1_RX_IRQHandler
                0x000003a0                NMI_Handler
                0x000003a0                I2C1_IRQHandler
                0x000003a0                WTIMER0_IRQHandler
                0x000003a0                CRYPTO0_IRQHandler
                0x000003a0                WDOG0_IRQHandler
                0x000003a0                USART1_TX_IRQHandler
                0x000003a0                SMU_IRQHandler
                0x000003a0                MSC_IRQHandler
                0x000003a0                ADC0_IRQHandler
                0x000003a0                UsageFault_Handler
                0x000003a0                WDOG1_IRQHandler
                0x000003a0                LEUART0_IRQHandler
                0x000003a0                FPUEH_IRQHandler
                0x000003a0                WTIMER1_IRQHandler
                0x000003a0                VDAC0_IRQHandler
                0x000003a0                LDMA_IRQHandler
                0x000003a0                CSEN_IRQHandler
                0x000003a0                CRYPTO1_IRQHandler
                0x000003a0                DebugMon_Handler
                0x000003a0                PCNT2_IRQHandler
                0x000003a0                LETIMER0_IRQHandler
                0x000003a0                TIMER1_IRQHandler
                0x000003a0                TRNG0_IRQHandler
                0x000003a0                USART2_RX_IRQHandler
                0x000003a0                Default_Handler
                0x000003a0                EMU_IRQHandler
                0x000003a0                CRYOTIMER_IRQHandler
                0x000003a0                PCNT0_IRQHandler
                0x000003a0                sl_app_properties
                0x000003a0                PCNT1_IRQHandler
                0x000003a0                ACMP0_IRQHandler
                0x000003a0                USART0_RX_IRQHandler
                0x000003a0                MemManage_Handler
                0x000003a0                SVC_Handler
                0x000003a0                USART3_RX_IRQHandler
                0x000003a0                CMU_IRQHandler
                0x000003a0                LESENSE_IRQHandler
                0x000003a0                USART3_TX_IRQHandler
                0x000003a0                BusFault_Handler
                0x000003a0                USART2_TX_IRQHandler
                0x000003a0                IDAC0_IRQHandler
 .text.SystemCoreClockGet
                0x000003a4       0x40 ./CMSIS/EFM32PG12B/system_efm32pg12b.o
                0x000003a4                SystemCoreClockGet
 .text.SystemMaxCoreClockGet
                0x000003e4       0x14 ./CMSIS/EFM32PG12B/system_efm32pg12b.o
                0x000003e4                SystemMaxCoreClockGet
 .text.SystemHFClockGet
                0x000003f8       0x88 ./CMSIS/EFM32PG12B/system_efm32pg12b.o
                0x000003f8                SystemHFClockGet
 .text.SystemHFXOClockGet
                0x00000480       0x18 ./CMSIS/EFM32PG12B/system_efm32pg12b.o
                0x00000480                SystemHFXOClockGet
 .text.SystemInit
                0x00000498       0x2c ./CMSIS/EFM32PG12B/system_efm32pg12b.o
                0x00000498                SystemInit
 .text.SystemLFRCOClockGet
                0x000004c4       0x12 ./CMSIS/EFM32PG12B/system_efm32pg12b.o
                0x000004c4                SystemLFRCOClockGet
 .text.SystemULFRCOClockGet
                0x000004d6       0x12 ./CMSIS/EFM32PG12B/system_efm32pg12b.o
                0x000004d6                SystemULFRCOClockGet
 .text.SystemLFXOClockGet
                0x000004e8       0x18 ./CMSIS/EFM32PG12B/system_efm32pg12b.o
                0x000004e8                SystemLFXOClockGet
 .text.__NVIC_EnableIRQ
                0x00000500       0x3c ./Drivers/capsense.o
 .text.EMU_EnterEM1
                0x0000053c       0x20 ./Drivers/capsense.o
 .text.TIMER0_IRQHandler
                0x0000055c       0x7c ./Drivers/capsense.o
                0x0000055c                TIMER0_IRQHandler
 .text.CAPSENSE_getPressed
                0x000005d8       0x4c ./Drivers/capsense.o
                0x000005d8                CAPSENSE_getPressed
 .text.CAPSENSE_Measure
                0x00000624       0x60 ./Drivers/capsense.o
 .text.CAPSENSE_Sense
                0x00000684       0x54 ./Drivers/capsense.o
                0x00000684                CAPSENSE_Sense
 .text.CAPSENSE_Init
                0x000006d8       0xbc ./Drivers/capsense.o
                0x000006d8                CAPSENSE_Init
 .text._DoInit  0x00000794       0x9c ./SystemView/SEGGER_RTT.o
 .text.SEGGER_RTT_ReadNoLock
                0x00000830      0x104 ./SystemView/SEGGER_RTT.o
                0x00000830                SEGGER_RTT_ReadNoLock
 .text.SEGGER_RTT_ConfigUpBuffer
                0x00000934       0xcc ./SystemView/SEGGER_RTT.o
                0x00000934                SEGGER_RTT_ConfigUpBuffer
 .text.SEGGER_RTT_ConfigDownBuffer
                0x00000a00       0xcc ./SystemView/SEGGER_RTT.o
                0x00000a00                SEGGER_RTT_ConfigDownBuffer
 .text          0x00000acc       0x8c ./SystemView/SEGGER_RTT_ASM_ARMv7M.o
                0x00000acc                SEGGER_RTT_ASM_WriteSkipNoLock
 .text._EncodeStr
                0x00000b58       0x9a ./SystemView/SEGGER_SYSVIEW.o
 .text._PreparePacket
                0x00000bf2       0x18 ./SystemView/SEGGER_SYSVIEW.o
 .text._HandleIncomingPacket
                0x00000c0a       0xb8 ./SystemView/SEGGER_SYSVIEW.o
 *fill*         0x00000cc2        0x2 
 .text._TrySendOverflowPacket
                0x00000cc4       0xec ./SystemView/SEGGER_SYSVIEW.o
 .text._SendPacket
                0x00000db0      0x1b0 ./SystemView/SEGGER_SYSVIEW.o
 .text.SEGGER_SYSVIEW_Init
                0x00000f60       0x7c ./SystemView/SEGGER_SYSVIEW.o
                0x00000f60                SEGGER_SYSVIEW_Init
 .text.SEGGER_SYSVIEW_SetRAMBase
                0x00000fdc       0x20 ./SystemView/SEGGER_SYSVIEW.o
                0x00000fdc                SEGGER_SYSVIEW_SetRAMBase
 .text.SEGGER_SYSVIEW_RecordVoid
                0x00000ffc       0x34 ./SystemView/SEGGER_SYSVIEW.o
                0x00000ffc                SEGGER_SYSVIEW_RecordVoid
 .text.SEGGER_SYSVIEW_RecordU32
                0x00001030       0x70 ./SystemView/SEGGER_SYSVIEW.o
                0x00001030                SEGGER_SYSVIEW_RecordU32
 .text.SEGGER_SYSVIEW_RecordU32x2
                0x000010a0       0xac ./SystemView/SEGGER_SYSVIEW.o
                0x000010a0                SEGGER_SYSVIEW_RecordU32x2
 .text.SEGGER_SYSVIEW_Start
                0x0000114c      0x168 ./SystemView/SEGGER_SYSVIEW.o
                0x0000114c                SEGGER_SYSVIEW_Start
 .text.SEGGER_SYSVIEW_Stop
                0x000012b4       0x44 ./SystemView/SEGGER_SYSVIEW.o
                0x000012b4                SEGGER_SYSVIEW_Stop
 .text.SEGGER_SYSVIEW_GetSysDesc
                0x000012f8      0x12c ./SystemView/SEGGER_SYSVIEW.o
                0x000012f8                SEGGER_SYSVIEW_GetSysDesc
 .text.SEGGER_SYSVIEW_SendTaskInfo
                0x00001424      0x1c4 ./SystemView/SEGGER_SYSVIEW.o
                0x00001424                SEGGER_SYSVIEW_SendTaskInfo
 .text.SEGGER_SYSVIEW_SendTaskList
                0x000015e8       0x28 ./SystemView/SEGGER_SYSVIEW.o
                0x000015e8                SEGGER_SYSVIEW_SendTaskList
 .text.SEGGER_SYSVIEW_SendSysDesc
                0x00001610       0x40 ./SystemView/SEGGER_SYSVIEW.o
                0x00001610                SEGGER_SYSVIEW_SendSysDesc
 .text.SEGGER_SYSVIEW_RecordSystime
                0x00001650       0x60 ./SystemView/SEGGER_SYSVIEW.o
                0x00001650                SEGGER_SYSVIEW_RecordSystime
 .text.SEGGER_SYSVIEW_OnIdle
                0x000016b0       0x30 ./SystemView/SEGGER_SYSVIEW.o
                0x000016b0                SEGGER_SYSVIEW_OnIdle
 .text.SEGGER_SYSVIEW_OnTaskCreate
                0x000016e0       0x80 ./SystemView/SEGGER_SYSVIEW.o
                0x000016e0                SEGGER_SYSVIEW_OnTaskCreate
 .text.SEGGER_SYSVIEW_OnTaskStartExec
                0x00001760       0x80 ./SystemView/SEGGER_SYSVIEW.o
                0x00001760                SEGGER_SYSVIEW_OnTaskStartExec
 .text.SEGGER_SYSVIEW_OnTaskStartReady
                0x000017e0       0x80 ./SystemView/SEGGER_SYSVIEW.o
                0x000017e0                SEGGER_SYSVIEW_OnTaskStartReady
 .text.SEGGER_SYSVIEW_OnTaskStopReady
                0x00001860       0xb8 ./SystemView/SEGGER_SYSVIEW.o
                0x00001860                SEGGER_SYSVIEW_OnTaskStopReady
 .text.SEGGER_SYSVIEW_NameResource
                0x00001918       0x88 ./SystemView/SEGGER_SYSVIEW.o
                0x00001918                SEGGER_SYSVIEW_NameResource
 .text.SEGGER_SYSVIEW_ShrinkId
                0x000019a0       0x24 ./SystemView/SEGGER_SYSVIEW.o
                0x000019a0                SEGGER_SYSVIEW_ShrinkId
 .text.SEGGER_SYSVIEW_SendModule
                0x000019c4       0xf8 ./SystemView/SEGGER_SYSVIEW.o
                0x000019c4                SEGGER_SYSVIEW_SendModule
 .text.SEGGER_SYSVIEW_SendModuleDescription
                0x00001abc       0x3c ./SystemView/SEGGER_SYSVIEW.o
                0x00001abc                SEGGER_SYSVIEW_SendModuleDescription
 .text.SEGGER_SYSVIEW_SendNumModules
                0x00001af8       0x74 ./SystemView/SEGGER_SYSVIEW.o
                0x00001af8                SEGGER_SYSVIEW_SendNumModules
 .text.SEGGER_SYSVIEW_Warn
                0x00001b6c       0xb0 ./SystemView/SEGGER_SYSVIEW.o
                0x00001b6c                SEGGER_SYSVIEW_Warn
 .text._cbSendSystemDesc
                0x00001c1c       0x20 ./SystemView/SEGGER_SYSVIEW_Config_MicriumOSKernel.o
 .text.SEGGER_SYSVIEW_Conf
                0x00001c3c       0x38 ./SystemView/SEGGER_SYSVIEW_Config_MicriumOSKernel.o
                0x00001c3c                SEGGER_SYSVIEW_Conf
 .text._cbSendTaskList
                0x00001c74       0x94 ./SystemView/SEGGER_SYSVIEW_MicriumOSKernel.o
 .text._cbGetTime
                0x00001d08       0x24 ./SystemView/SEGGER_SYSVIEW_MicriumOSKernel.o
 .text.SYSVIEW_TaskReady
                0x00001d2c       0x20 ./SystemView/SEGGER_SYSVIEW_MicriumOSKernel.o
                0x00001d2c                SYSVIEW_TaskReady
 .text.SYSVIEW_TaskSwitchedIn
                0x00001d4c       0x20 ./SystemView/SEGGER_SYSVIEW_MicriumOSKernel.o
                0x00001d4c                SYSVIEW_TaskSwitchedIn
 .text.SYSVIEW_TaskSuspend
                0x00001d6c       0x22 ./SystemView/SEGGER_SYSVIEW_MicriumOSKernel.o
                0x00001d6c                SYSVIEW_TaskSuspend
 *fill*         0x00001d8e        0x2 
 .text.SYSVIEW_AddTask
                0x00001d90       0xc4 ./SystemView/SEGGER_SYSVIEW_MicriumOSKernel.o
                0x00001d90                SYSVIEW_AddTask
 .text.SYSVIEW_SendTaskInfo
                0x00001e54       0x42 ./SystemView/SEGGER_SYSVIEW_MicriumOSKernel.o
                0x00001e54                SYSVIEW_SendTaskInfo
 *fill*         0x00001e96        0x2 
 .text.SYSVIEW_RecordU32Register
                0x00001e98       0x90 ./SystemView/SEGGER_SYSVIEW_MicriumOSKernel.o
                0x00001e98                SYSVIEW_RecordU32Register
 .text.SYSVIEW_SendResourceList
                0x00001f28       0x80 ./SystemView/SEGGER_SYSVIEW_MicriumOSKernel.o
                0x00001f28                SYSVIEW_SendResourceList
 .text.SList_Init
                0x00001fa8       0x1a ./common/source/collections/slist.o
                0x00001fa8                SList_Init
 *fill*         0x00001fc2        0x2 
 .text.Common_Init
                0x00001fc4       0x70 ./common/source/common/common.o
                0x00001fc4                Common_Init
 .text.Common_MemSegPtrGet
                0x00002034       0x18 ./common/source/common/common.o
                0x00002034                Common_MemSegPtrGet
 .text.KAL_FeatureQuery
                0x0000204c       0xf4 ./common/source/kal/kal_kernel.o
                0x0000204c                KAL_FeatureQuery
 .text.KAL_LockCreate
                0x00002140       0xbc ./common/source/kal/kal_kernel.o
                0x00002140                KAL_LockCreate
 .text.KAL_Init
                0x000021fc      0x1c0 ./common/source/kal/kal_kernel.o
 .text.Math_RandSetSeed
                0x000023bc       0x28 ./common/source/lib/lib_math.o
                0x000023bc                Math_RandSetSeed
 .text.Math_Init
                0x000023e4        0xe ./common/source/lib/lib_math.o
                0x000023e4                Math_Init
 *fill*         0x000023f2        0x2 
 .text.Mem_Init
                0x000023f4       0x28 ./common/source/lib/lib_mem.o
                0x000023f4                Mem_Init
 .text.Mem_SegReg
                0x0000241c       0xf4 ./common/source/lib/lib_mem.o
                0x0000241c                Mem_SegReg
 .text.Mem_SegAlloc
                0x00002510       0x50 ./common/source/lib/lib_mem.o
                0x00002510                Mem_SegAlloc
 .text.Mem_DynPoolCreate
                0x00002560       0xa4 ./common/source/lib/lib_mem.o
                0x00002560                Mem_DynPoolCreate
 .text.Mem_DynPoolBlkGet
                0x00002604      0x1ec ./common/source/lib/lib_mem.o
                0x00002604                Mem_DynPoolBlkGet
 .text.Mem_DynPoolBlkFree
                0x000027f0      0x140 ./common/source/lib/lib_mem.o
                0x000027f0                Mem_DynPoolBlkFree
 .text.Mem_SegAllocInternal
                0x00002930      0x108 ./common/source/lib/lib_mem.o
 .text.Mem_SegAllocExtCritical
                0x00002a38      0x120 ./common/source/lib/lib_mem.o
 .text.Mem_DynPoolCreateInternal
                0x00002b58      0x350 ./common/source/lib/lib_mem.o
 .text.PlatformMgrInit
                0x00002ea8      0x148 ./common/source/platform_mgr/platform_mgr.o
                0x00002ea8                PlatformMgrInit
 .text.CPU_Init
                0x00002ff0        0xc ./cpu/source/cpu_core.o
                0x00002ff0                CPU_Init
 .text.CPU_SW_Exception
                0x00002ffc        0x6 ./cpu/source/cpu_core.o
                0x00002ffc                CPU_SW_Exception
 .text.CPU_TS_Get32
                0x00003002       0x16 ./cpu/source/cpu_core.o
                0x00003002                CPU_TS_Get32
 .text.CPU_TS_TmrFreqGet
                0x00003018       0x88 ./cpu/source/cpu_core.o
                0x00003018                CPU_TS_TmrFreqGet
 .text.CPU_TS_TmrFreqSet
                0x000030a0       0x20 ./cpu/source/cpu_core.o
                0x000030a0                CPU_TS_TmrFreqSet
 .text.CPU_TS_Init
                0x000030c0       0x18 ./cpu/source/cpu_core.o
 .text.BUS_RegBitWrite
                0x000030d8       0x2e ./emlib/em_acmp.o
 .text.BUS_RegMaskedSet
                0x00003106       0x24 ./emlib/em_acmp.o
 .text.BUS_RegMaskedClear
                0x0000312a       0x24 ./emlib/em_acmp.o
 .text.BUS_RegMaskedWrite
                0x0000314e       0x24 ./emlib/em_acmp.o
 *fill*         0x00003172        0x2 
 .text.ACMP_CapsenseInit
                0x00003174       0xbc ./emlib/em_acmp.o
                0x00003174                ACMP_CapsenseInit
 .text.ACMP_CapsenseChannelSet
                0x00003230       0x44 ./emlib/em_acmp.o
                0x00003230                ACMP_CapsenseChannelSet
 .text.ACMP_Disable
                0x00003274       0x40 ./emlib/em_acmp.o
                0x00003274                ACMP_Disable
 .text.ACMP_Enable
                0x000032b4       0x40 ./emlib/em_acmp.o
                0x000032b4                ACMP_Enable
 .text.assertEFM
                0x000032f4        0xc ./emlib/em_assert.o
                0x000032f4                assertEFM
 .text.BUS_RegBitWrite
                0x00003300       0x2e ./emlib/em_cmu.o
 .text.BUS_RegBitRead
                0x0000332e       0x2a ./emlib/em_cmu.o
 .text.SL_Log2ToDiv
                0x00003358       0x2c ./emlib/em_cmu.o
 .text.EMU_LDOStatusGet
                0x00003384       0x24 ./emlib/em_cmu.o
 .text.EMU_VScaleWait
                0x000033a8       0x30 ./emlib/em_cmu.o
 .text.EMU_VScaleGet
                0x000033d8       0x1c ./emlib/em_cmu.o
 .text.setHfLeConfig
                0x000033f4       0x64 ./emlib/em_cmu.o
 .text.auxClkGet
                0x00003458       0x20 ./emlib/em_cmu.o
 .text.hfSrcClkGet
                0x00003478       0x2c ./emlib/em_cmu.o
 .text.dbgClkGet
                0x000034a4       0x4c ./emlib/em_cmu.o
 .text.adcAsyncClkGet
                0x000034f0       0x98 ./emlib/em_cmu.o
 .text.flashWaitStateControl
                0x00003588       0x98 ./emlib/em_cmu.o
 .text.flashWaitStateMax
                0x00003620       0x44 ./emlib/em_cmu.o
 .text.CMU_UpdateWaitStates
                0x00003664       0x40 ./emlib/em_cmu.o
                0x00003664                CMU_UpdateWaitStates
 .text.getRegIshUpperVal
                0x000036a4       0x36 ./emlib/em_cmu.o
 *fill*         0x000036da        0x2 
 .text.getHfxoTuningMode
                0x000036dc       0x1c ./emlib/em_cmu.o
 .text.setHfxoTuningMode
                0x000036f8       0x2c ./emlib/em_cmu.o
 .text.lfClkGet
                0x00003724      0x114 ./emlib/em_cmu.o
 .text.syncReg  0x00003838       0x38 ./emlib/em_cmu.o
 .text.hfperClkSafePrescaler
                0x00003870        0xe ./emlib/em_cmu.o
 .text.hfperClkOptimizedPrescaler
                0x0000387e        0xe ./emlib/em_cmu.o
 .text.CMU_ClockDivGet
                0x0000388c       0x1a ./emlib/em_cmu.o
                0x0000388c                CMU_ClockDivGet
 *fill*         0x000038a6        0x2 
 .text.CMU_ClockEnable
                0x000038a8       0xd8 ./emlib/em_cmu.o
                0x000038a8                CMU_ClockEnable
 .text.CMU_ClockFreqGet
                0x00003980      0x240 ./emlib/em_cmu.o
                0x00003980                CMU_ClockFreqGet
 .text.CMU_ClockPrescGet
                0x00003bc0      0x1c0 ./emlib/em_cmu.o
                0x00003bc0                CMU_ClockPrescGet
 .text.CMU_ClockSelectGet
                0x00003d80      0x1c8 ./emlib/em_cmu.o
                0x00003d80                CMU_ClockSelectGet
 .text.CMU_ClockSelectSet
                0x00003f48      0x348 ./emlib/em_cmu.o
                0x00003f48                CMU_ClockSelectSet
 .text.CMU_HFRCOBandGet
                0x00004290       0x18 ./emlib/em_cmu.o
                0x00004290                CMU_HFRCOBandGet
 .text.CMU_HFXOInit
                0x000042a8      0x104 ./emlib/em_cmu.o
                0x000042a8                CMU_HFXOInit
 .text.CMU_OscillatorEnable
                0x000043ac      0x1bc ./emlib/em_cmu.o
                0x000043ac                CMU_OscillatorEnable
 .text.CMU_OscillatorTuningGet
                0x00004568       0x7c ./emlib/em_cmu.o
                0x00004568                CMU_OscillatorTuningGet
 .text.CMU_OscillatorTuningSet
                0x000045e4      0x154 ./emlib/em_cmu.o
                0x000045e4                CMU_OscillatorTuningSet
 .text.CMU_OscillatorTuningWait
                0x00004738       0xb4 ./emlib/em_cmu.o
                0x00004738                CMU_OscillatorTuningWait
 .text.CMU_OscillatorTuningOptimize
                0x000047ec       0x64 ./emlib/em_cmu.o
                0x000047ec                CMU_OscillatorTuningOptimize
 .text.CORE_EnterCritical
                0x00004850       0x20 ./emlib/em_core.o
                0x00004850                CORE_EnterCritical
 .text.CORE_ExitCritical
                0x00004870       0x1c ./emlib/em_core.o
                0x00004870                CORE_ExitCritical
 .text.CORE_EnterAtomic
                0x0000488c       0x20 ./emlib/em_core.o
                0x0000488c                CORE_EnterAtomic
 .text.CORE_ExitAtomic
                0x000048ac       0x1c ./emlib/em_core.o
                0x000048ac                CORE_ExitAtomic
 .text.CORE_InIrqContext
                0x000048c8       0x24 ./emlib/em_core.o
                0x000048c8                CORE_InIrqContext
 .text.BUS_RegBitWrite
                0x000048ec       0x2e ./emlib/em_emu.o
 .text.BUS_RegBitRead
                0x0000491a       0x2a ./emlib/em_emu.o
 .text.EMU_LDOStatusGet
                0x00004944       0x24 ./emlib/em_emu.o
 .text.EMU_VScaleWait
                0x00004968       0x30 ./emlib/em_emu.o
 .text.EMU_VScaleGet
                0x00004998       0x1c ./emlib/em_emu.o
 .text.EMU_IntClear
                0x000049b4       0x20 ./emlib/em_emu.o
 .text.EMU_IntGet
                0x000049d4       0x18 ./emlib/em_emu.o
 .text.EMU_PowerLock
                0x000049ec       0x18 ./emlib/em_emu.o
 .text.EMU_PowerUnlock
                0x00004a04       0x1c ./emlib/em_emu.o
 .text.vScaleEM01Cmd
                0x00004a20       0x22 ./emlib/em_emu.o
 *fill*         0x00004a42        0x2 
 .text.EMU_VScaleEM01ByClock
                0x00004a44       0x84 ./emlib/em_emu.o
                0x00004a44                EMU_VScaleEM01ByClock
 .text.EMU_VScaleEM01
                0x00004ac8       0xb4 ./emlib/em_emu.o
                0x00004ac8                EMU_VScaleEM01
 .text.EMU_EM23Init
                0x00004b7c       0x50 ./emlib/em_emu.o
                0x00004b7c                EMU_EM23Init
 .text.dcdcConstCalibrationLoad
                0x00004bcc       0x10 ./emlib/em_emu.o
 .text.dcdcValidatedConfigSet
                0x00004bdc       0x40 ./emlib/em_emu.o
 .text.currentLimitersUpdate
                0x00004c1c      0x124 ./emlib/em_emu.o
 .text.userCurrentLimitsSet
                0x00004d40       0x30 ./emlib/em_emu.o
 .text.compCtrlSet
                0x00004d70       0x4c ./emlib/em_emu.o
 .text.lpCmpHystCalibrationLoad
                0x00004dbc       0xec ./emlib/em_emu.o
 .text.lpGetDevinfoVrefLowHigh
                0x00004ea8      0x164 ./emlib/em_emu.o
 .text.EMU_DCDCModeSet
                0x0000500c      0x10c ./emlib/em_emu.o
                0x0000500c                EMU_DCDCModeSet
 .text.EMU_DCDCInit
                0x00005118      0x1c8 ./emlib/em_emu.o
                0x00005118                EMU_DCDCInit
 .text.EMU_DCDCOutputVoltageSet
                0x000052e0      0x2d8 ./emlib/em_emu.o
                0x000052e0                EMU_DCDCOutputVoltageSet
 .text.EMU_DCDCOptimizeSlice
                0x000055b8       0xe8 ./emlib/em_emu.o
                0x000055b8                EMU_DCDCOptimizeSlice
 .text.EMU_DCDCLnRcoBandSet
                0x000056a0       0x64 ./emlib/em_emu.o
                0x000056a0                EMU_DCDCLnRcoBandSet
 .text.BUS_RegMaskedSet
                0x00005704       0x24 ./emlib/em_gpio.o
 .text.BUS_RegMaskedClear
                0x00005728       0x24 ./emlib/em_gpio.o
 .text.BUS_RegMaskedWrite
                0x0000574c       0x24 ./emlib/em_gpio.o
 .text.GPIO_PinOutClear
                0x00005770       0xd0 ./emlib/em_gpio.o
 .text.GPIO_PinOutSet
                0x00005840       0xd0 ./emlib/em_gpio.o
 .text.GPIO_DriveStrengthSet
                0x00005910       0x8c ./emlib/em_gpio.o
                0x00005910                GPIO_DriveStrengthSet
 .text.GPIO_PinModeSet
                0x0000599c      0x18c ./emlib/em_gpio.o
                0x0000599c                GPIO_PinModeSet
 .text.BUS_RegBitWrite
                0x00005b28       0x2e ./emlib/em_rtcc.o
 *fill*         0x00005b56        0x2 
 .text.RTCC_ChannelInit
                0x00005b58       0x7c ./emlib/em_rtcc.o
                0x00005b58                RTCC_ChannelInit
 .text.RTCC_Enable
                0x00005bd4       0x24 ./emlib/em_rtcc.o
                0x00005bd4                RTCC_Enable
 .text.RTCC_Init
                0x00005bf8       0x98 ./emlib/em_rtcc.o
                0x00005bf8                RTCC_Init
 .text.OSCfg_Init
                0x00005c90        0xe ./kernel/source/os_cfg_app.o
                0x00005c90                OSCfg_Init
 *fill*         0x00005c9e        0x2 
 .text.OSInit   0x00005ca0      0x4d4 ./kernel/source/os_core.o
                0x00005ca0                OSInit
 .text.OSSched  0x00006174      0x1f4 ./kernel/source/os_core.o
                0x00006174                OSSched
 .text.OSSchedLock
                0x00006368      0x114 ./kernel/source/os_core.o
                0x00006368                OSSchedLock
 .text.OSSchedUnlock
                0x0000647c      0x158 ./kernel/source/os_core.o
                0x0000647c                OSSchedUnlock
 .text.OSStart  0x000065d4      0x140 ./kernel/source/os_core.o
                0x000065d4                OSStart
 .text.OSIsIdle
                0x00006714       0x18 ./kernel/source/os_core.o
                0x00006714                OSIsIdle
 .text.OS_Pend  0x0000672c       0x94 ./kernel/source/os_core.o
                0x0000672c                OS_Pend
 .text.OS_PendDbgNameAdd
                0x000067c0       0x78 ./kernel/source/os_core.o
                0x000067c0                OS_PendDbgNameAdd
 .text.OS_PendDbgNameRemove
                0x00006838       0x4c ./kernel/source/os_core.o
                0x00006838                OS_PendDbgNameRemove
 .text.OS_PendListChangePrio
                0x00006884       0x3a ./kernel/source/os_core.o
                0x00006884                OS_PendListChangePrio
 .text.OS_PendListInit
                0x000068be       0x26 ./kernel/source/os_core.o
                0x000068be                OS_PendListInit
 .text.OS_PendListInsertPrio
                0x000068e4       0xd8 ./kernel/source/os_core.o
                0x000068e4                OS_PendListInsertPrio
 .text.OS_PendListRemove
                0x000069bc       0xaa ./kernel/source/os_core.o
                0x000069bc                OS_PendListRemove
 .text.OS_Post  0x00006a66      0x10e ./kernel/source/os_core.o
                0x00006a66                OS_Post
 .text.OS_RdyListInit
                0x00006b74       0x4c ./kernel/source/os_core.o
                0x00006b74                OS_RdyListInit
 .text.OS_RdyListInsert
                0x00006bc0       0x44 ./kernel/source/os_core.o
                0x00006bc0                OS_RdyListInsert
 .text.OS_RdyListInsertHead
                0x00006c04       0x84 ./kernel/source/os_core.o
                0x00006c04                OS_RdyListInsertHead
 .text.OS_RdyListInsertTail
                0x00006c88       0x80 ./kernel/source/os_core.o
                0x00006c88                OS_RdyListInsertTail
 .text.OS_RdyListMoveHeadToTail
                0x00006d08       0x96 ./kernel/source/os_core.o
                0x00006d08                OS_RdyListMoveHeadToTail
 *fill*         0x00006d9e        0x2 
 .text.OS_RdyListRemove
                0x00006da0       0xb8 ./kernel/source/os_core.o
                0x00006da0                OS_RdyListRemove
 .text.OS_SchedRoundRobin
                0x00006e58       0x60 ./kernel/source/os_core.o
                0x00006e58                OS_SchedRoundRobin
 .text.OS_SchedRoundRobinRestartTimer
                0x00006eb8       0x50 ./kernel/source/os_core.o
                0x00006eb8                OS_SchedRoundRobinRestartTimer
 .text.OS_SchedRoundRobinResetQuanta
                0x00006f08       0xe8 ./kernel/source/os_core.o
                0x00006f08                OS_SchedRoundRobinResetQuanta
 .text.OS_TaskBlock
                0x00006ff0       0xb0 ./kernel/source/os_core.o
                0x00006ff0                OS_TaskBlock
 .text.OS_TimerCallback
                0x000070a0      0x158 ./kernel/source/os_core.o
                0x000070a0                OS_TimerCallback
 .text.OS_Dbg_Init
                0x000071f8      0x26c ./kernel/source/os_dbg.o
                0x000071f8                OS_Dbg_Init
 .text.OS_MsgPoolInit
                0x00007464       0xe0 ./kernel/source/os_msg.o
                0x00007464                OS_MsgPoolInit
 .text.OS_MsgQFreeAll
                0x00007544       0x78 ./kernel/source/os_msg.o
                0x00007544                OS_MsgQFreeAll
 .text.OS_MsgQInit
                0x000075bc       0x2c ./kernel/source/os_msg.o
                0x000075bc                OS_MsgQInit
 .text.OSMutexCreate
                0x000075e8      0x114 ./kernel/source/os_mutex.o
                0x000075e8                OSMutexCreate
 .text.OSMutexPend
                0x000076fc      0x48c ./kernel/source/os_mutex.o
                0x000076fc                OSMutexPend
 .text.OSMutexPost
                0x00007b88      0x354 ./kernel/source/os_mutex.o
                0x00007b88                OSMutexPost
 .text.OS_MutexDbgListAdd
                0x00007edc       0x50 ./kernel/source/os_mutex.o
                0x00007edc                OS_MutexDbgListAdd
 .text.OS_MutexGrpAdd
                0x00007f2c       0x24 ./kernel/source/os_mutex.o
                0x00007f2c                OS_MutexGrpAdd
 .text.OS_MutexGrpRemove
                0x00007f50       0x3a ./kernel/source/os_mutex.o
                0x00007f50                OS_MutexGrpRemove
 .text.OS_MutexGrpPrioFindHighest
                0x00007f8a       0x54 ./kernel/source/os_mutex.o
                0x00007f8a                OS_MutexGrpPrioFindHighest
 .text.OS_MutexGrpPostAll
                0x00007fde       0x86 ./kernel/source/os_mutex.o
                0x00007fde                OS_MutexGrpPostAll
 .text.OS_PrioInit
                0x00008064       0x34 ./kernel/source/os_prio.o
                0x00008064                OS_PrioInit
 .text.OS_PrioGetHighest
                0x00008098       0x38 ./kernel/source/os_prio.o
                0x00008098                OS_PrioGetHighest
 .text.OS_PrioInsert
                0x000080d0       0x50 ./kernel/source/os_prio.o
                0x000080d0                OS_PrioInsert
 .text.OS_PrioRemove
                0x00008120       0x54 ./kernel/source/os_prio.o
                0x00008120                OS_PrioRemove
 .text.OSStatReset
                0x00008174      0x144 ./kernel/source/os_stat.o
                0x00008174                OSStatReset
 .text.OS_StatTask
                0x000082b8      0x2d4 ./kernel/source/os_stat.o
                0x000082b8                OS_StatTask
 .text.OS_StatTaskInit
                0x0000858c       0x78 ./kernel/source/os_stat.o
                0x0000858c                OS_StatTaskInit
 .text.OS_StatTickInit
                0x00008604       0x18 ./kernel/source/os_stat.o
                0x00008604                OS_StatTickInit
 .text.OS_StatIdleEnterNotify
                0x0000861c       0x18 ./kernel/source/os_stat.o
                0x0000861c                OS_StatIdleEnterNotify
 .text.OS_StatIdleExitNotify
                0x00008634       0x44 ./kernel/source/os_stat.o
                0x00008634                OS_StatIdleExitNotify
 .text.OSTaskCreate
                0x00008678      0x4a8 ./kernel/source/os_task.o
                0x00008678                OSTaskCreate
 .text.OSTaskDel
                0x00008b20      0x2c8 ./kernel/source/os_task.o
                0x00008b20                OSTaskDel
 .text.OSTaskStkChk
                0x00008de8      0x1dc ./kernel/source/os_task.o
                0x00008de8                OSTaskStkChk
 .text.OSTaskStkRedzoneChk
                0x00008fc4       0x5c ./kernel/source/os_task.o
                0x00008fc4                OSTaskStkRedzoneChk
 .text.OS_TaskDbgListAdd
                0x00009020       0x4c ./kernel/source/os_task.o
                0x00009020                OS_TaskDbgListAdd
 .text.OS_TaskDbgListRemove
                0x0000906c       0x84 ./kernel/source/os_task.o
                0x0000906c                OS_TaskDbgListRemove
 .text.OS_TaskInit
                0x000090f0       0x6c ./kernel/source/os_task.o
                0x000090f0                OS_TaskInit
 .text.OS_TaskInitTCB
                0x0000915c      0x1a4 ./kernel/source/os_task.o
                0x0000915c                OS_TaskInitTCB
 .text.OS_TaskReturn
                0x00009300       0x28 ./kernel/source/os_task.o
                0x00009300                OS_TaskReturn
 .text.OS_TaskStkRedzoneChk
                0x00009328       0x44 ./kernel/source/os_task.o
                0x00009328                OS_TaskStkRedzoneChk
 .text.OS_TaskStkRedzoneInit
                0x0000936c       0x38 ./kernel/source/os_task.o
                0x0000936c                OS_TaskStkRedzoneInit
 .text.OS_TaskChangePrio
                0x000093a4      0x178 ./kernel/source/os_task.o
                0x000093a4                OS_TaskChangePrio
 .text.OSTimeTickRateHzGet
                0x0000951c       0x54 ./kernel/source/os_time.o
                0x0000951c                OSTimeTickRateHzGet
 .text.OSTimeDly
                0x00009570      0x3c0 ./kernel/source/os_time.o
                0x00009570                OSTimeDly
 .text.OS_TmrInit
                0x00009930      0x104 ./kernel/source/os_tmr.o
                0x00009930                OS_TmrInit
 .text.OS_TmrUnlink
                0x00009a34       0x80 ./kernel/source/os_tmr.o
                0x00009a34                OS_TmrUnlink
 .text.OS_TmrTask
                0x00009ab4       0xd4 ./kernel/source/os_tmr.o
                0x00009ab4                OS_TmrTask
 .text.OS_TmrLock
                0x00009b88       0x28 ./kernel/source/os_tmr.o
 .text.OS_TmrUnlock
                0x00009bb0       0x20 ./kernel/source/os_tmr.o
 .text          0x00009bd0       0x18 ./ports/source/gnu/armv7m_cpu_a.o
                0x00009bd0                CPU_CntLeadZeros
                0x00009bd6                CPU_CntTrailZeros
                0x00009be0                CPU_RevBits
 .text          0x00009be8      0x14c ./ports/source/gnu/armv7m_os_cpu_a.o
                0x00009be8                OSStartHighRdy
                0x00009c66                OSCtxSw
                0x00009c70                OSIntCtxSw
                0x00009c7a                PendSV_Handler
 .text.OSIdleContext
                0x00009d34        0xc ./ports/source/gnu/armv7m_os_cpu_c.o
                0x00009d34                OSIdleContext
 .text.OSInitHook
                0x00009d40       0x5c ./ports/source/gnu/armv7m_os_cpu_c.o
                0x00009d40                OSInitHook
 .text.OSRedzoneHitHook
                0x00009d9c       0x20 ./ports/source/gnu/armv7m_os_cpu_c.o
                0x00009d9c                OSRedzoneHitHook
 .text.OSStatTaskHook
                0x00009dbc        0xe ./ports/source/gnu/armv7m_os_cpu_c.o
                0x00009dbc                OSStatTaskHook
 .text.OSTaskCreateHook
                0x00009dca       0x14 ./ports/source/gnu/armv7m_os_cpu_c.o
                0x00009dca                OSTaskCreateHook
 .text.OSTaskDelHook
                0x00009dde       0x14 ./ports/source/gnu/armv7m_os_cpu_c.o
                0x00009dde                OSTaskDelHook
 .text.OSTaskReturnHook
                0x00009df2       0x14 ./ports/source/gnu/armv7m_os_cpu_c.o
                0x00009df2                OSTaskReturnHook
 *fill*         0x00009e06        0x2 
 .text.OSTaskStkInit
                0x00009e08      0x118 ./ports/source/gnu/armv7m_os_cpu_c.o
                0x00009e08                OSTaskStkInit
 .text.OSTaskSwHook
                0x00009f20       0x6c ./ports/source/gnu/armv7m_os_cpu_c.o
                0x00009f20                OSTaskSwHook
 .text.sl_sleeptimer_init
                0x00009f8c       0x94 ./service/sl_sleeptimer.o
                0x00009f8c                sl_sleeptimer_init
 .text.sl_sleeptimer_start_timer
                0x0000a020       0x56 ./service/sl_sleeptimer.o
                0x0000a020                sl_sleeptimer_start_timer
 *fill*         0x0000a076        0x2 
 .text.sl_sleeptimer_stop_timer
                0x0000a078       0x7c ./service/sl_sleeptimer.o
                0x0000a078                sl_sleeptimer_stop_timer
 .text.sl_sleeptimer_is_timer_running
                0x0000a0f4       0x6c ./service/sl_sleeptimer.o
                0x0000a0f4                sl_sleeptimer_is_timer_running
 .text.sl_sleeptimer_get_timer_time_remaining
                0x0000a160       0xb4 ./service/sl_sleeptimer.o
                0x0000a160                sl_sleeptimer_get_timer_time_remaining
 .text.sl_sleeptimer_get_tick_count
                0x0000a214       0x22 ./service/sl_sleeptimer.o
                0x0000a214                sl_sleeptimer_get_tick_count
 *fill*         0x0000a236        0x2 
 .text.sl_sleeptimer_get_timer_frequency
                0x0000a238       0x18 ./service/sl_sleeptimer.o
                0x0000a238                sl_sleeptimer_get_timer_frequency
 .text.process_timer_irq
                0x0000a250      0x174 ./service/sl_sleeptimer.o
                0x0000a250                process_timer_irq
 .text.delta_list_insert_timer
                0x0000a3c4       0xbc ./service/sl_sleeptimer.o
 .text.delta_list_remove_timer
                0x0000a480       0x7c ./service/sl_sleeptimer.o
 .text.set_comparator_for_next_timer
                0x0000a4fc       0x30 ./service/sl_sleeptimer.o
 .text.update_first_timer_delta
                0x0000a52c       0x70 ./service/sl_sleeptimer.o
 .text.create_timer
                0x0000a59c       0x9c ./service/sl_sleeptimer.o
 .text.__NVIC_EnableIRQ
                0x0000a638       0x3c ./service/sl_sleeptimer_hal_rtcc.o
 .text.__NVIC_ClearPendingIRQ
                0x0000a674       0x3c ./service/sl_sleeptimer_hal_rtcc.o
 .text.RTCC_ChannelCompareValueGet
                0x0000a6b0       0x38 ./service/sl_sleeptimer_hal_rtcc.o
 .text.RTCC_ChannelCompareValueSet
                0x0000a6e8       0x3c ./service/sl_sleeptimer_hal_rtcc.o
 .text.RTCC_ChannelCCVGet
                0x0000a724       0x18 ./service/sl_sleeptimer_hal_rtcc.o
 .text.RTCC_ChannelCCVSet
                0x0000a73c       0x1a ./service/sl_sleeptimer_hal_rtcc.o
 *fill*         0x0000a756        0x2 
 .text.RTCC_CounterGet
                0x0000a758       0x18 ./service/sl_sleeptimer_hal_rtcc.o
 .text.RTCC_CounterSet
                0x0000a770       0x20 ./service/sl_sleeptimer_hal_rtcc.o
 .text.RTCC_IntClear
                0x0000a790       0x20 ./service/sl_sleeptimer_hal_rtcc.o
 .text.RTCC_IntDisable
                0x0000a7b0       0x28 ./service/sl_sleeptimer_hal_rtcc.o
 .text.RTCC_IntEnable
                0x0000a7d8       0x24 ./service/sl_sleeptimer_hal_rtcc.o
 .text.RTCC_IntGet
                0x0000a7fc       0x18 ./service/sl_sleeptimer_hal_rtcc.o
 .text.SL_Log2ToDiv
                0x0000a814       0x2c ./service/sl_sleeptimer_hal_rtcc.o
 .text.CMU_PrescToLog2
                0x0000a840       0x54 ./service/sl_sleeptimer_hal_rtcc.o
 .text.sleeptimer_hal_init_timer
                0x0000a894       0x94 ./service/sl_sleeptimer_hal_rtcc.o
                0x0000a894                sleeptimer_hal_init_timer
 .text.sleeptimer_hal_get_counter
                0x0000a928        0xe ./service/sl_sleeptimer_hal_rtcc.o
                0x0000a928                sleeptimer_hal_get_counter
 .text.sleeptimer_hal_get_compare
                0x0000a936       0x10 ./service/sl_sleeptimer_hal_rtcc.o
                0x0000a936                sleeptimer_hal_get_compare
 *fill*         0x0000a946        0x2 
 .text.sleeptimer_hal_set_compare
                0x0000a948       0x9c ./service/sl_sleeptimer_hal_rtcc.o
                0x0000a948                sleeptimer_hal_set_compare
 .text.sleeptimer_hal_enable_int
                0x0000a9e4       0x40 ./service/sl_sleeptimer_hal_rtcc.o
                0x0000a9e4                sleeptimer_hal_enable_int
 .text.sleeptimer_hal_disable_int
                0x0000aa24       0x5c ./service/sl_sleeptimer_hal_rtcc.o
                0x0000aa24                sleeptimer_hal_disable_int
 .text.RTCC_IRQHandler
                0x0000aa80       0x5c ./service/sl_sleeptimer_hal_rtcc.o
                0x0000aa80                RTCC_IRQHandler
 .text.sleeptimer_hal_get_timer_frequency
                0x0000aadc       0x20 ./service/sl_sleeptimer_hal_rtcc.o
                0x0000aadc                sleeptimer_hal_get_timer_frequency
 .text.get_time_diff
                0x0000aafc       0x1c ./service/sl_sleeptimer_hal_rtcc.o
 .text.SysTick_Handler
                0x0000ab18       0x14 ./src/Source_Files/app.o
                0x0000ab18                SysTick_Handler
 .text.app_peripheral_setup
                0x0000ab2c        0xc ./src/Source_Files/app.o
                0x0000ab2c                app_peripheral_setup
 .text.BUS_RegBitRead
                0x0000ab38       0x2a ./src/Source_Files/gpio.o
 .text.BUS_RegMaskedSet
                0x0000ab62       0x24 ./src/Source_Files/gpio.o
 .text.BUS_RegMaskedClear
                0x0000ab86       0x24 ./src/Source_Files/gpio.o
 *fill*         0x0000abaa        0x2 
 .text.GPIO_IntClear
                0x0000abac       0x20 ./src/Source_Files/gpio.o
 .text.GPIO_IntGet
                0x0000abcc       0x18 ./src/Source_Files/gpio.o
 .text.GPIO_PinInGet
                0x0000abe4       0xc8 ./src/Source_Files/gpio.o
 .text.GPIO_PinOutClear
                0x0000acac       0xd0 ./src/Source_Files/gpio.o
 .text.GPIO_PinOutSet
                0x0000ad7c       0xd0 ./src/Source_Files/gpio.o
 .text.GPIO_Unified_IRQ
                0x0000ae4c       0x3e ./src/Source_Files/gpio.o
                0x0000ae4c                GPIO_Unified_IRQ
 .text.GPIO_EVEN_IRQHandler
                0x0000ae8a        0xc ./src/Source_Files/gpio.o
                0x0000ae8a                GPIO_EVEN_IRQHandler
 .text.GPIO_ODD_IRQHandler
                0x0000ae96        0xc ./src/Source_Files/gpio.o
                0x0000ae96                GPIO_ODD_IRQHandler
 *fill*         0x0000aea2        0x2 
 .text.gpio_open
                0x0000aea4       0x6c ./src/Source_Files/gpio.o
                0x0000aea4                gpio_open
 .text.sample_pb0
                0x0000af10       0x24 ./src/Source_Files/gpio.o
                0x0000af10                sample_pb0
 .text.sample_pb1
                0x0000af34       0x24 ./src/Source_Files/gpio.o
                0x0000af34                sample_pb1
 .text.sample_cap
                0x0000af58       0xa4 ./src/Source_Files/gpio.o
                0x0000af58                sample_cap
 .text.set_LED0
                0x0000affc       0x44 ./src/Source_Files/gpio.o
                0x0000affc                set_LED0
 .text.set_LED1
                0x0000b040       0x44 ./src/Source_Files/gpio.o
                0x0000b040                set_LED1
 .text.SYSTEM_GetProdRev
                0x0000b084       0x1c ./src/Source_Files/main.o
 .text.CHIP_Init
                0x0000b0a0       0x84 ./src/Source_Files/main.o
 .text.main     0x0000b124       0x88 ./src/Source_Files/main.o
                0x0000b124                main
 .text.Ex_MainStartTask
                0x0000b1ac      0x1a4 ./src/Source_Files/main.o
 .text.Ex_ButtonInputTask
                0x0000b350       0x26 ./src/Source_Files/main.o
 .text.Ex_LEDOutputTask
                0x0000b376       0x26 ./src/Source_Files/main.o
 .text.Ex_SliderInputTask
                0x0000b39c       0x22 ./src/Source_Files/main.o
 *fill*         0x0000b3be        0x2 
 .text          0x0000b3c0       0x30 c:/siliconlabs/simplicitystudio/v4_2/developer/toolchains/gnu_arm/7.2_2017q4/bin/../lib/gcc/arm-none-eabi/7.2.1/thumb/v7e-m/fpv4-sp/softfp\libgcc.a(_aeabi_uldivmod.o)
                0x0000b3c0                __aeabi_uldivmod
 .text          0x0000b3f0      0x2cc c:/siliconlabs/simplicitystudio/v4_2/developer/toolchains/gnu_arm/7.2_2017q4/bin/../lib/gcc/arm-none-eabi/7.2.1/thumb/v7e-m/fpv4-sp/softfp\libgcc.a(_udivmoddi4.o)
                0x0000b3f0                __udivmoddi4
 .text          0x0000b6bc        0x4 c:/siliconlabs/simplicitystudio/v4_2/developer/toolchains/gnu_arm/7.2_2017q4/bin/../lib/gcc/arm-none-eabi/7.2.1/thumb/v7e-m/fpv4-sp/softfp\libgcc.a(_dvmd_tls.o)
                0x0000b6bc                __aeabi_idiv0
                0x0000b6bc                __aeabi_ldiv0
 .text.exit     0x0000b6c0       0x28 c:/siliconlabs/simplicitystudio/v4_2/developer/toolchains/gnu_arm/7.2_2017q4/bin/../lib/gcc/arm-none-eabi/7.2.1/../../../../arm-none-eabi/lib/thumb/v7e-m/fpv4-sp/softfp\libc_nano.a(lib_a-exit.o)
                0x0000b6c0                exit
 .text.__libc_init_array
                0x0000b6e8       0x48 c:/siliconlabs/simplicitystudio/v4_2/developer/toolchains/gnu_arm/7.2_2017q4/bin/../lib/gcc/arm-none-eabi/7.2.1/../../../../arm-none-eabi/lib/thumb/v7e-m/fpv4-sp/softfp\libc_nano.a(lib_a-init.o)
                0x0000b6e8                __libc_init_array
 .text.memcpy   0x0000b730       0x16 c:/siliconlabs/simplicitystudio/v4_2/developer/toolchains/gnu_arm/7.2_2017q4/bin/../lib/gcc/arm-none-eabi/7.2.1/../../../../arm-none-eabi/lib/thumb/v7e-m/fpv4-sp/softfp\libc_nano.a(lib_a-memcpy-stub.o)
                0x0000b730                memcpy
 .text.memset   0x0000b746       0x10 c:/siliconlabs/simplicitystudio/v4_2/developer/toolchains/gnu_arm/7.2_2017q4/bin/../lib/gcc/arm-none-eabi/7.2.1/../../../../arm-none-eabi/lib/thumb/v7e-m/fpv4-sp/softfp\libc_nano.a(lib_a-memset.o)
                0x0000b746                memset
 .text.strcpy   0x0000b756       0x10 c:/siliconlabs/simplicitystudio/v4_2/developer/toolchains/gnu_arm/7.2_2017q4/bin/../lib/gcc/arm-none-eabi/7.2.1/../../../../arm-none-eabi/lib/thumb/v7e-m/fpv4-sp/softfp\libc_nano.a(lib_a-strcpy.o)
                0x0000b756                strcpy
 *fill*         0x0000b766        0x2 
 .text._exit    0x0000b768        0x4 c:/siliconlabs/simplicitystudio/v4_2/developer/toolchains/gnu_arm/7.2_2017q4/bin/../lib/gcc/arm-none-eabi/7.2.1/../../../../arm-none-eabi/lib/thumb/v7e-m/fpv4-sp/softfp\libnosys.a(_exit.o)
                0x0000b768                _exit
 *(.init)
 .init          0x0000b76c        0x4 c:/siliconlabs/simplicitystudio/v4_2/developer/toolchains/gnu_arm/7.2_2017q4/bin/../lib/gcc/arm-none-eabi/7.2.1/thumb/v7e-m/fpv4-sp/softfp/crti.o
                0x0000b76c                _init
 .init          0x0000b770        0x8 c:/siliconlabs/simplicitystudio/v4_2/developer/toolchains/gnu_arm/7.2_2017q4/bin/../lib/gcc/arm-none-eabi/7.2.1/thumb/v7e-m/fpv4-sp/softfp/crtn.o
 *(.fini)
 .fini          0x0000b778        0x4 c:/siliconlabs/simplicitystudio/v4_2/developer/toolchains/gnu_arm/7.2_2017q4/bin/../lib/gcc/arm-none-eabi/7.2.1/thumb/v7e-m/fpv4-sp/softfp/crti.o
                0x0000b778                _fini
 .fini          0x0000b77c        0x8 c:/siliconlabs/simplicitystudio/v4_2/developer/toolchains/gnu_arm/7.2_2017q4/bin/../lib/gcc/arm-none-eabi/7.2.1/thumb/v7e-m/fpv4-sp/softfp/crtn.o
 *crtbegin.o(.ctors)
 *crtbegin?.o(.ctors)
 *(EXCLUDE_FILE(*crtend.o *crtend?.o) .ctors)
 *(SORT_BY_NAME(.ctors.*))
 *(.ctors)
 *crtbegin.o(.dtors)
 *crtbegin?.o(.dtors)
 *(EXCLUDE_FILE(*crtend.o *crtend?.o) .dtors)
 *(SORT_BY_NAME(.dtors.*))
 *(.dtors)
 *(.rodata*)
 .rodata.dcdcInit
                0x0000b784       0x10 ./BSP/siliconlabs/generic/source/bsp_os.o
 .rodata.channelList
                0x0000b794        0x4 ./Drivers/capsense.o
 .rodata        0x0000b798       0x18 ./Drivers/capsense.o
 .rodata        0x0000b7b0       0x17 ./SystemView/SEGGER_RTT.o
 *fill*         0x0000b7c7        0x1 
 .rodata._abSync
                0x0000b7c8        0xa ./SystemView/SEGGER_SYSVIEW.o
 *fill*         0x0000b7d2        0x2 
 .rodata        0x0000b7d4        0x8 ./SystemView/SEGGER_SYSVIEW.o
 .rodata        0x0000b7dc       0x41 ./SystemView/SEGGER_SYSVIEW_Config_MicriumOSKernel.o
 *fill*         0x0000b81d        0x3 
 .rodata        0x0000b820       0xa3 ./SystemView/SEGGER_SYSVIEW_MicriumOSKernel.o
 *fill*         0x0000b8c3        0x1 
 .rodata.SYSVIEW_X_OS_TraceAPI
                0x0000b8c4        0x8 ./SystemView/SEGGER_SYSVIEW_MicriumOSKernel.o
                0x0000b8c4                SYSVIEW_X_OS_TraceAPI
 .rodata        0x0000b8cc       0x7b ./common/source/common/common.o
 *fill*         0x0000b947        0x1 
 .rodata.__func__.8538
                0x0000b948        0xc ./common/source/common/common.o
 .rodata        0x0000b954      0x105 ./common/source/kal/kal_kernel.o
 *fill*         0x0000ba59        0x3 
 .rodata.__func__.8856
                0x0000ba5c        0x9 ./common/source/kal/kal_kernel.o
 *fill*         0x0000ba65        0x3 
 .rodata        0x0000ba68       0x79 ./common/source/lib/lib_mem.o
 *fill*         0x0000bae1        0x3 
 .rodata.__func__.8643
                0x0000bae4        0xb ./common/source/lib/lib_mem.o
 *fill*         0x0000baef        0x1 
 .rodata.__func__.8709
                0x0000baf0       0x12 ./common/source/lib/lib_mem.o
 *fill*         0x0000bb02        0x2 
 .rodata.__func__.8746
                0x0000bb04       0x12 ./common/source/lib/lib_mem.o
 *fill*         0x0000bb16        0x2 
 .rodata.__func__.8756
                0x0000bb18       0x13 ./common/source/lib/lib_mem.o
 *fill*         0x0000bb2b        0x1 
 .rodata.__func__.8803
                0x0000bb2c       0x15 ./common/source/lib/lib_mem.o
 *fill*         0x0000bb41        0x3 
 .rodata.__func__.8819
                0x0000bb44       0x18 ./common/source/lib/lib_mem.o
 .rodata.__func__.8833
                0x0000bb5c       0x1a ./common/source/lib/lib_mem.o
 *fill*         0x0000bb76        0x2 
 .rodata        0x0000bb78       0xd5 ./common/source/platform_mgr/platform_mgr.o
 *fill*         0x0000bc4d        0x3 
 .rodata.__func__.8597
                0x0000bc50       0x10 ./common/source/platform_mgr/platform_mgr.o
 .rodata        0x0000bc60     0x2350 ./common/source/rtos/rtos_err_str.o
 .rodata.RTOS_ErrStrTbl
                0x0000dfb0      0x24c ./common/source/rtos/rtos_err_str.o
                0x0000dfb0                RTOS_ErrStrTbl
 .rodata.RTOS_ErrDescStrTbl
                0x0000e1fc      0x24c ./common/source/rtos/rtos_err_str.o
                0x0000e1fc                RTOS_ErrDescStrTbl
 .rodata        0x0000e448       0x73 ./cpu/source/cpu_core.o
 *fill*         0x0000e4bb        0x1 
 .rodata.__func__.8503
                0x0000e4bc       0x12 ./cpu/source/cpu_core.o
 *fill*         0x0000e4ce        0x2 
 .rodata        0x0000e4d0       0x13 ./emlib/em_acmp.o
 *fill*         0x0000e4e3        0x1 
 .rodata        0x0000e4e4      0x135 ./emlib/em_cmu.o
 *fill*         0x0000e619        0x3 
 .rodata.flashWsTable
                0x0000e61c       0x28 ./emlib/em_cmu.o
 .rodata        0x0000e644       0x65 ./emlib/em_emu.o
 *fill*         0x0000e6a9        0x3 
 .rodata        0x0000e6ac       0xce ./emlib/em_gpio.o
 *fill*         0x0000e77a        0x2 
 .rodata        0x0000e77c       0x66 ./emlib/em_rtcc.o
 *fill*         0x0000e7e2        0x2 
 .rodata.OSCfg_StkSizeMin
                0x0000e7e4        0x4 ./kernel/source/os_cfg_app.o
                0x0000e7e4                OSCfg_StkSizeMin
 .rodata        0x0000e7e8       0xee ./kernel/source/os_core.o
 *fill*         0x0000e8d6        0x2 
 .rodata.__func__.9085
                0x0000e8d8        0x7 ./kernel/source/os_core.o
 *fill*         0x0000e8df        0x1 
 .rodata.__func__.9110
                0x0000e8e0        0xc ./kernel/source/os_core.o
 .rodata.__func__.9117
                0x0000e8ec        0xe ./kernel/source/os_core.o
 *fill*         0x0000e8fa        0x2 
 .rodata.__func__.9140
                0x0000e8fc        0x8 ./kernel/source/os_core.o
 .rodata        0x0000e904       0x74 ./kernel/source/os_msg.o
 .rodata.__func__.9054
                0x0000e978        0xf ./kernel/source/os_msg.o
 *fill*         0x0000e987        0x1 
 .rodata        0x0000e988       0x82 ./kernel/source/os_mutex.o
 *fill*         0x0000ea0a        0x2 
 .rodata.__func__.9050
                0x0000ea0c        0xe ./kernel/source/os_mutex.o
 *fill*         0x0000ea1a        0x2 
 .rodata.__func__.9088
                0x0000ea1c        0xc ./kernel/source/os_mutex.o
 .rodata.__func__.9131
                0x0000ea28        0xc ./kernel/source/os_mutex.o
 .rodata        0x0000ea34       0x8b ./kernel/source/os_stat.o
 *fill*         0x0000eabf        0x1 
 .rodata.__func__.9061
                0x0000eac0        0xc ./kernel/source/os_stat.o
 .rodata        0x0000eacc       0x82 ./kernel/source/os_task.o
 *fill*         0x0000eb4e        0x2 
 .rodata.__func__.9076
                0x0000eb50        0xd ./kernel/source/os_task.o
 *fill*         0x0000eb5d        0x3 
 .rodata.__func__.9099
                0x0000eb60        0xa ./kernel/source/os_task.o
 *fill*         0x0000eb6a        0x2 
 .rodata.__func__.9312
                0x0000eb6c        0xd ./kernel/source/os_task.o
 *fill*         0x0000eb79        0x3 
 .rodata.__func__.9362
                0x0000eb7c        0xc ./kernel/source/os_task.o
 .rodata        0x0000eb88       0x75 ./kernel/source/os_time.o
 *fill*         0x0000ebfd        0x3 
 .rodata.__func__.9047
                0x0000ec00       0x14 ./kernel/source/os_time.o
 .rodata.__func__.9056
                0x0000ec14        0xa ./kernel/source/os_time.o
 *fill*         0x0000ec1e        0x2 
 .rodata        0x0000ec20       0xa0 ./kernel/source/os_tmr.o
 .rodata        0x0000ecc0      0x14b ./service/sl_sleeptimer_hal_rtcc.o
 *fill*         0x0000ee0b        0x1 
 .rodata        0x0000ee0c       0x66 ./src/Source_Files/gpio.o
 *fill*         0x0000ee72        0x2 
 .rodata        0x0000ee74       0x7a ./src/Source_Files/main.o
 *fill*         0x0000eeee        0x2 
 .rodata._global_impure_ptr
                0x0000eef0        0x4 c:/siliconlabs/simplicitystudio/v4_2/developer/toolchains/gnu_arm/7.2_2017q4/bin/../lib/gcc/arm-none-eabi/7.2.1/../../../../arm-none-eabi/lib/thumb/v7e-m/fpv4-sp/softfp\libc_nano.a(lib_a-impure.o)
                0x0000eef0                _global_impure_ptr
 *(.eh_frame*)
 .eh_frame      0x0000eef4        0x0 c:/siliconlabs/simplicitystudio/v4_2/developer/toolchains/gnu_arm/7.2_2017q4/bin/../lib/gcc/arm-none-eabi/7.2.1/thumb/v7e-m/fpv4-sp/softfp/crtbegin.o
 .eh_frame      0x0000eef4        0x4 c:/siliconlabs/simplicitystudio/v4_2/developer/toolchains/gnu_arm/7.2_2017q4/bin/../lib/gcc/arm-none-eabi/7.2.1/thumb/v7e-m/fpv4-sp/softfp/crtend.o

.glue_7         0x0000eef8        0x0
 .glue_7        0x0000eef8        0x0 linker stubs

.glue_7t        0x0000eef8        0x0
 .glue_7t       0x0000eef8        0x0 linker stubs

.vfp11_veneer   0x0000eef8        0x0
 .vfp11_veneer  0x0000eef8        0x0 linker stubs

.v4_bx          0x0000eef8        0x0
 .v4_bx         0x0000eef8        0x0 linker stubs

.iplt           0x0000eef8        0x0
 .iplt          0x0000eef8        0x0 c:/siliconlabs/simplicitystudio/v4_2/developer/toolchains/gnu_arm/7.2_2017q4/bin/../lib/gcc/arm-none-eabi/7.2.1/thumb/v7e-m/fpv4-sp/softfp/crtbegin.o

.ARM.extab
 *(.ARM.extab* .gnu.linkonce.armextab.*)
                0x0000eef8                __exidx_start = .

.ARM.exidx      0x0000eef8        0x8
 *(.ARM.exidx* .gnu.linkonce.armexidx.*)
 .ARM.exidx     0x0000eef8        0x8 c:/siliconlabs/simplicitystudio/v4_2/developer/toolchains/gnu_arm/7.2_2017q4/bin/../lib/gcc/arm-none-eabi/7.2.1/../../../../arm-none-eabi/lib/thumb/v7e-m/fpv4-sp/softfp/crt0.o
 .ARM.exidx     0x0000ef00        0x0 c:/siliconlabs/simplicitystudio/v4_2/developer/toolchains/gnu_arm/7.2_2017q4/bin/../lib/gcc/arm-none-eabi/7.2.1/thumb/v7e-m/fpv4-sp/softfp\libgcc.a(_udivmoddi4.o)
                                  0x8 (size before relaxing)
                0x0000ef00                __exidx_end = .
                0x0000ef00                __etext = .

.rel.dyn        0x0000ef00        0x0
 .rel.iplt      0x0000ef00        0x0 c:/siliconlabs/simplicitystudio/v4_2/developer/toolchains/gnu_arm/7.2_2017q4/bin/../lib/gcc/arm-none-eabi/7.2.1/thumb/v7e-m/fpv4-sp/softfp/crtbegin.o

.data           0x20000000      0x124 load address 0x0000ef00
                0x20000000                __data_start__ = .
 *(vtable)
 *(.data*)
 .data.SystemHFXOClock
                0x20000000        0x4 ./CMSIS/EFM32PG12B/system_efm32pg12b.o
 .data.SystemLFXOClock
                0x20000004        0x4 ./CMSIS/EFM32PG12B/system_efm32pg12b.o
 .data.SystemCoreClock
                0x20000008        0x4 ./CMSIS/EFM32PG12B/system_efm32pg12b.o
                0x20000008                SystemCoreClock
 .data.SystemHfrcoFreq
                0x2000000c        0x4 ./CMSIS/EFM32PG12B/system_efm32pg12b.o
                0x2000000c                SystemHfrcoFreq
 .data.Mem_SegHeap
                0x20000010       0x14 ./common/source/lib/lib_mem.o
                0x20000010                Mem_SegHeap
 .data.PlatformMgr_InitCfg
                0x20000024        0x8 ./common/source/platform_mgr/platform_mgr.o
 .data.auxHfrcoFreq
                0x2000002c        0x4 ./emlib/em_cmu.o
 .data.OS_InitCfg
                0x20000030       0x38 ./kernel/source/os_core.o
 .data.OSDbg_DbgEn
                0x20000068        0x1 ./kernel/source/os_dbg.o
                0x20000068                OSDbg_DbgEn
 .data.OSDbg_ArgChkEn
                0x20000069        0x1 ./kernel/source/os_dbg.o
                0x20000069                OSDbg_ArgChkEn
 *fill*         0x2000006a        0x2 
 .data.OSDbg_EndiannessTest
                0x2000006c        0x4 ./kernel/source/os_dbg.o
                0x2000006c                OSDbg_EndiannessTest
 .data.OSDbg_FlagEn
                0x20000070        0x1 ./kernel/source/os_dbg.o
                0x20000070                OSDbg_FlagEn
 *fill*         0x20000071        0x1 
 .data.OSDbg_FlagGrpSize
                0x20000072        0x2 ./kernel/source/os_dbg.o
                0x20000072                OSDbg_FlagGrpSize
 .data.OSDbg_FlagWidth
                0x20000074        0x2 ./kernel/source/os_dbg.o
                0x20000074                OSDbg_FlagWidth
 .data.OSDbg_MsgEn
                0x20000076        0x1 ./kernel/source/os_dbg.o
                0x20000076                OSDbg_MsgEn
 *fill*         0x20000077        0x1 
 .data.OSDbg_MsgSize
                0x20000078        0x2 ./kernel/source/os_dbg.o
                0x20000078                OSDbg_MsgSize
 .data.OSDbg_MsgPoolSize
                0x2000007a        0x2 ./kernel/source/os_dbg.o
                0x2000007a                OSDbg_MsgPoolSize
 .data.OSDbg_MsgQSize
                0x2000007c        0x2 ./kernel/source/os_dbg.o
                0x2000007c                OSDbg_MsgQSize
 .data.OSDbg_MutexEn
                0x2000007e        0x1 ./kernel/source/os_dbg.o
                0x2000007e                OSDbg_MutexEn
 *fill*         0x2000007f        0x1 
 .data.OSDbg_MutexSize
                0x20000080        0x2 ./kernel/source/os_dbg.o
                0x20000080                OSDbg_MutexSize
 .data.OSDbg_PendListSize
                0x20000082        0x2 ./kernel/source/os_dbg.o
                0x20000082                OSDbg_PendListSize
 .data.OSDbg_PendObjSize
                0x20000084        0x2 ./kernel/source/os_dbg.o
                0x20000084                OSDbg_PendObjSize
 .data.OSDbg_PrioMax
                0x20000086        0x2 ./kernel/source/os_dbg.o
                0x20000086                OSDbg_PrioMax
 .data.OSDbg_PrioTblSize
                0x20000088        0x2 ./kernel/source/os_dbg.o
                0x20000088                OSDbg_PrioTblSize
 .data.OSDbg_PtrSize
                0x2000008a        0x2 ./kernel/source/os_dbg.o
                0x2000008a                OSDbg_PtrSize
 .data.OSDbg_QEn
                0x2000008c        0x1 ./kernel/source/os_dbg.o
                0x2000008c                OSDbg_QEn
 *fill*         0x2000008d        0x1 
 .data.OSDbg_QSize
                0x2000008e        0x2 ./kernel/source/os_dbg.o
                0x2000008e                OSDbg_QSize
 .data.OSDbg_SchedRoundRobinEn
                0x20000090        0x1 ./kernel/source/os_dbg.o
                0x20000090                OSDbg_SchedRoundRobinEn
 .data.OSDbg_SemEn
                0x20000091        0x1 ./kernel/source/os_dbg.o
                0x20000091                OSDbg_SemEn
 .data.OSDbg_SemSize
                0x20000092        0x2 ./kernel/source/os_dbg.o
                0x20000092                OSDbg_SemSize
 .data.OSDbg_RdyList
                0x20000094        0x2 ./kernel/source/os_dbg.o
                0x20000094                OSDbg_RdyList
 *fill*         0x20000096        0x2 
 .data.OSDbg_RdyListSize
                0x20000098        0x4 ./kernel/source/os_dbg.o
                0x20000098                OSDbg_RdyListSize
 .data.OSDbg_StkWidth
                0x2000009c        0x1 ./kernel/source/os_dbg.o
                0x2000009c                OSDbg_StkWidth
 .data.OSDbg_StatTaskEn
                0x2000009d        0x1 ./kernel/source/os_dbg.o
                0x2000009d                OSDbg_StatTaskEn
 .data.OSDbg_StatTaskStkChkEn
                0x2000009e        0x1 ./kernel/source/os_dbg.o
                0x2000009e                OSDbg_StatTaskStkChkEn
 .data.OSDbg_TaskChangePrioEn
                0x2000009f        0x1 ./kernel/source/os_dbg.o
                0x2000009f                OSDbg_TaskChangePrioEn
 .data.OSDbg_TaskDelEn
                0x200000a0        0x1 ./kernel/source/os_dbg.o
                0x200000a0                OSDbg_TaskDelEn
 .data.OSDbg_TaskQEn
                0x200000a1        0x1 ./kernel/source/os_dbg.o
                0x200000a1                OSDbg_TaskQEn
 .data.OSDbg_TaskProfileEn
                0x200000a2        0x1 ./kernel/source/os_dbg.o
                0x200000a2                OSDbg_TaskProfileEn
 *fill*         0x200000a3        0x1 
 .data.OSDbg_TaskRegTblSize
                0x200000a4        0x2 ./kernel/source/os_dbg.o
                0x200000a4                OSDbg_TaskRegTblSize
 .data.OSDbg_TaskSuspendEn
                0x200000a6        0x1 ./kernel/source/os_dbg.o
                0x200000a6                OSDbg_TaskSuspendEn
 *fill*         0x200000a7        0x1 
 .data.OSDbg_TCBSize
                0x200000a8        0x2 ./kernel/source/os_dbg.o
                0x200000a8                OSDbg_TCBSize
 .data.OSDbg_TickListSize
                0x200000aa        0x2 ./kernel/source/os_dbg.o
                0x200000aa                OSDbg_TickListSize
 .data.OSDbg_TmrEn
                0x200000ac        0x1 ./kernel/source/os_dbg.o
                0x200000ac                OSDbg_TmrEn
 *fill*         0x200000ad        0x1 
 .data.OSDbg_TmrSize
                0x200000ae        0x2 ./kernel/source/os_dbg.o
                0x200000ae                OSDbg_TmrSize
 .data.OSDbg_VersionNbr
                0x200000b0        0x2 ./kernel/source/os_dbg.o
                0x200000b0                OSDbg_VersionNbr
 *fill*         0x200000b2        0x2 
 .data.OSDbg_DataSize
                0x200000b4        0x4 ./kernel/source/os_dbg.o
                0x200000b4                OSDbg_DataSize
 .data.cc_disabled
                0x200000b8        0x1 ./service/sl_sleeptimer_hal_rtcc.o
 *fill*         0x200000b9        0x3 
 .data.impure_data
                0x200000bc       0x60 c:/siliconlabs/simplicitystudio/v4_2/developer/toolchains/gnu_arm/7.2_2017q4/bin/../lib/gcc/arm-none-eabi/7.2.1/../../../../arm-none-eabi/lib/thumb/v7e-m/fpv4-sp/softfp\libc_nano.a(lib_a-impure.o)
                0x2000011c                . = ALIGN (0x4)
                [!provide]                PROVIDE (__ram_func_section_start, .)
 *(.ram)
                [!provide]                PROVIDE (__ram_func_section_end, .)
                0x2000011c                . = ALIGN (0x4)
                0x2000011c                PROVIDE (__preinit_array_start, .)
 *(.preinit_array)
                0x2000011c                PROVIDE (__preinit_array_end, .)
                0x2000011c                . = ALIGN (0x4)
                0x2000011c                PROVIDE (__init_array_start, .)
 *(SORT_BY_NAME(.init_array.*))
 *(.init_array)
 .init_array    0x2000011c        0x4 c:/siliconlabs/simplicitystudio/v4_2/developer/toolchains/gnu_arm/7.2_2017q4/bin/../lib/gcc/arm-none-eabi/7.2.1/thumb/v7e-m/fpv4-sp/softfp/crtbegin.o
                0x20000120                PROVIDE (__init_array_end, .)
                0x20000120                . = ALIGN (0x4)
                [!provide]                PROVIDE (__fini_array_start, .)
 *(SORT_BY_NAME(.fini_array.*))
 *(.fini_array)
 .fini_array    0x20000120        0x4 c:/siliconlabs/simplicitystudio/v4_2/developer/toolchains/gnu_arm/7.2_2017q4/bin/../lib/gcc/arm-none-eabi/7.2.1/thumb/v7e-m/fpv4-sp/softfp/crtbegin.o
                [!provide]                PROVIDE (__fini_array_end, .)
 *(.jcr*)
                0x20000124                . = ALIGN (0x4)
                0x20000124                __data_end__ = .

.igot.plt       0x20000124        0x0 load address 0x0000f024
 .igot.plt      0x20000124        0x0 c:/siliconlabs/simplicitystudio/v4_2/developer/toolchains/gnu_arm/7.2_2017q4/bin/../lib/gcc/arm-none-eabi/7.2.1/thumb/v7e-m/fpv4-sp/softfp/crtbegin.o

.bss            0x20000124     0x6fcc load address 0x0000f024
                0x20000124                . = ALIGN (0x4)
                0x20000124                __bss_start__ = .
 *(.bss*)
 .bss           0x20000124       0x1c c:/siliconlabs/simplicitystudio/v4_2/developer/toolchains/gnu_arm/7.2_2017q4/bin/../lib/gcc/arm-none-eabi/7.2.1/thumb/v7e-m/fpv4-sp/softfp/crtbegin.o
 .bss.currentChannel
                0x20000140        0x1 ./Drivers/capsense.o
 .bss.measurementComplete
                0x20000141        0x1 ./Drivers/capsense.o
 *fill*         0x20000142        0x2 
 .bss.channelValues
                0x20000144       0x10 ./Drivers/capsense.o
 .bss.channelMaxValues
                0x20000154       0x10 ./Drivers/capsense.o
 .bss._acUpBuffer
                0x20000164      0x400 ./SystemView/SEGGER_RTT.o
 .bss._acDownBuffer
                0x20000564       0x10 ./SystemView/SEGGER_RTT.o
 .bss._UpBuffer
                0x20000574     0x1000 ./SystemView/SEGGER_SYSVIEW.o
 .bss._DownBuffer
                0x20001574        0x8 ./SystemView/SEGGER_SYSVIEW.o
 .bss._SYSVIEW_Globals
                0x2000157c       0x28 ./SystemView/SEGGER_SYSVIEW.o
 .bss._pFirstModule
                0x200015a4        0x4 ./SystemView/SEGGER_SYSVIEW.o
 .bss._NumModules
                0x200015a8        0x1 ./SystemView/SEGGER_SYSVIEW.o
 *fill*         0x200015a9        0x3 
 .bss._aPacket  0x200015ac       0xe3 ./SystemView/SEGGER_SYSVIEW.o
 *fill*         0x2000168f        0x1 
 .bss._aTasks   0x20001690      0x280 ./SystemView/SEGGER_SYSVIEW_MicriumOSKernel.o
 .bss._NumTasks
                0x20001910        0x4 ./SystemView/SEGGER_SYSVIEW_MicriumOSKernel.o
 .bss._aResources
                0x20001914      0xc00 ./SystemView/SEGGER_SYSVIEW_MicriumOSKernel.o
 .bss._NumResources
                0x20002514        0x4 ./SystemView/SEGGER_SYSVIEW_MicriumOSKernel.o
 .bss.Common_IsInit
                0x20002518        0x1 ./common/source/common/common.o
 *fill*         0x20002519        0x3 
 .bss.Common_InitCfg
                0x2000251c        0x4 ./common/source/common/common.o
 .bss.KAL_DataPtr
                0x20002520        0x4 ./common/source/kal/kal_kernel.o
 .bss.Math_RandSeedCur
                0x20002524        0x4 ./common/source/lib/lib_math.o
 .bss.PlatformMgrPtr
                0x20002528        0x4 ./common/source/platform_mgr/platform_mgr.o
 .bss.dcdcMaxCurrent_mA
                0x2000252c        0x2 ./emlib/em_emu.o
 .bss.dcdcEm01LoadCurrent_mA
                0x2000252e        0x2 ./emlib/em_emu.o
 .bss.dcdcReverseCurrentControl
                0x20002530        0x2 ./emlib/em_emu.o
 *fill*         0x20002532        0x2 
 .bss.vScaleEM01Config
                0x20002534        0x1 ./emlib/em_emu.o
 *fill*         0x20002535        0x3 
 .bss.OSCfg_ISRStkBasePtr
                0x20002538        0x4 ./kernel/source/os_cfg_app.o
                0x20002538                OSCfg_ISRStkBasePtr
 .bss.OSCfg_ISRStkSize
                0x2000253c        0x4 ./kernel/source/os_cfg_app.o
                0x2000253c                OSCfg_ISRStkSize
 .bss.OSCfg_ISRStkSizeRAM
                0x20002540        0x4 ./kernel/source/os_cfg_app.o
                0x20002540                OSCfg_ISRStkSizeRAM
 .bss.OSCfg_MsgPoolBasePtr
                0x20002544        0x4 ./kernel/source/os_cfg_app.o
                0x20002544                OSCfg_MsgPoolBasePtr
 .bss.OSCfg_MsgPoolSize
                0x20002548        0x2 ./kernel/source/os_cfg_app.o
                0x20002548                OSCfg_MsgPoolSize
 *fill*         0x2000254a        0x2 
 .bss.OSCfg_MsgPoolSizeRAM
                0x2000254c        0x4 ./kernel/source/os_cfg_app.o
                0x2000254c                OSCfg_MsgPoolSizeRAM
 .bss.OSCfg_StatTaskPrio
                0x20002550        0x1 ./kernel/source/os_cfg_app.o
                0x20002550                OSCfg_StatTaskPrio
 *fill*         0x20002551        0x3 
 .bss.OSCfg_StatTaskRate_Hz
                0x20002554        0x4 ./kernel/source/os_cfg_app.o
                0x20002554                OSCfg_StatTaskRate_Hz
 .bss.OSCfg_StatTaskStkBasePtr
                0x20002558        0x4 ./kernel/source/os_cfg_app.o
                0x20002558                OSCfg_StatTaskStkBasePtr
 .bss.OSCfg_StatTaskStkLimit
                0x2000255c        0x4 ./kernel/source/os_cfg_app.o
                0x2000255c                OSCfg_StatTaskStkLimit
 .bss.OSCfg_StatTaskStkSize
                0x20002560        0x4 ./kernel/source/os_cfg_app.o
                0x20002560                OSCfg_StatTaskStkSize
 .bss.OSCfg_StatTaskStkSizeRAM
                0x20002564        0x4 ./kernel/source/os_cfg_app.o
                0x20002564                OSCfg_StatTaskStkSizeRAM
 .bss.OSCfg_TmrTaskPrio
                0x20002568        0x1 ./kernel/source/os_cfg_app.o
                0x20002568                OSCfg_TmrTaskPrio
 *fill*         0x20002569        0x3 
 .bss.OSCfg_TmrTaskRate_Hz
                0x2000256c        0x4 ./kernel/source/os_cfg_app.o
                0x2000256c                OSCfg_TmrTaskRate_Hz
 .bss.OSCfg_TmrTaskStkBasePtr
                0x20002570        0x4 ./kernel/source/os_cfg_app.o
                0x20002570                OSCfg_TmrTaskStkBasePtr
 .bss.OSCfg_TmrTaskStkLimit
                0x20002574        0x4 ./kernel/source/os_cfg_app.o
                0x20002574                OSCfg_TmrTaskStkLimit
 .bss.OSCfg_TmrTaskStkSize
                0x20002578        0x4 ./kernel/source/os_cfg_app.o
                0x20002578                OSCfg_TmrTaskStkSize
 .bss.OSCfg_TmrTaskStkSizeRAM
                0x2000257c        0x4 ./kernel/source/os_cfg_app.o
                0x2000257c                OSCfg_TmrTaskStkSizeRAM
 .bss.OSCfg_TickRate_Hz
                0x20002580        0x4 ./kernel/source/os_cfg_app.o
                0x20002580                OSCfg_TickRate_Hz
 .bss.OSCfg_DataSizeRAM
                0x20002584        0x4 ./kernel/source/os_cfg_app.o
                0x20002584                OSCfg_DataSizeRAM
 .bss.OSDelayMaxMilli
                0x20002588        0x4 ./kernel/source/os_core.o
                0x20002588                OSDelayMaxMilli
 .bss.OSDelayMaxTick
                0x2000258c        0x4 ./kernel/source/os_core.o
                0x2000258c                OSDelayMaxTick
 .bss.OSDbg_AppHooksEn
                0x20002590        0x1 ./kernel/source/os_dbg.o
                0x20002590                OSDbg_AppHooksEn
 *fill*         0x20002591        0x3 
 .bss.OSDbg_FlagGrp
                0x20002594       0x2c ./kernel/source/os_dbg.o
                0x20002594                OSDbg_FlagGrp
 .bss.OSDbg_FlagModeClrEn
                0x200025c0        0x1 ./kernel/source/os_dbg.o
                0x200025c0                OSDbg_FlagModeClrEn
 *fill*         0x200025c1        0x3 
 .bss.OSDbg_Mutex
                0x200025c4       0x34 ./kernel/source/os_dbg.o
                0x200025c4                OSDbg_Mutex
 .bss.OSDbg_Q   0x200025f8       0x30 ./kernel/source/os_dbg.o
                0x200025f8                OSDbg_Q
 .bss.OSDbg_Sem
                0x20002628       0x2c ./kernel/source/os_dbg.o
                0x20002628                OSDbg_Sem
 .bss.OSDbg_Tmr
                0x20002654       0x30 ./kernel/source/os_dbg.o
                0x20002654                OSDbg_Tmr
 .bss.OSIdleCPUUsage
                0x20002684        0x2 ./kernel/source/os_stat.o
                0x20002684                OSIdleCPUUsage
 *fill*         0x20002686        0x2 
 .bss.OSIdleTotalTick
                0x20002688        0x4 ./kernel/source/os_stat.o
 .bss.OSStatStartTick
                0x2000268c        0x4 ./kernel/source/os_stat.o
 .bss.OSIdleStartTick
                0x20002690        0x4 ./kernel/source/os_stat.o
 .bss.overflow_counter
                0x20002694        0x2 ./service/sl_sleeptimer.o
 *fill*         0x20002696        0x2 
 .bss.timer_frequency
                0x20002698        0x4 ./service/sl_sleeptimer.o
 .bss.timer_head
                0x2000269c        0x4 ./service/sl_sleeptimer.o
 .bss.last_delta_update_count
                0x200026a0        0x4 ./service/sl_sleeptimer.o
 .bss.is_sleeptimer_initialized
                0x200026a4        0x1 ./service/sl_sleeptimer.o
 *fill*         0x200026a5        0x3 
 .bss.max_millisecond_conversion
                0x200026a8        0x4 ./service/sl_sleeptimer.o
 .bss.Ex_MainStartTaskStk
                0x200026ac      0x800 ./src/Source_Files/main.o
 .bss.Ex_MainStartTaskTCB
                0x20002eac       0xf4 ./src/Source_Files/main.o
 .bss.Ex_ButtonInputTaskStk
                0x20002fa0      0x800 ./src/Source_Files/main.o
 .bss.Ex_ButtonInputTaskTCB
                0x200037a0       0xf4 ./src/Source_Files/main.o
 .bss.Ex_SliderInputTaskStk
                0x20003894      0x800 ./src/Source_Files/main.o
 .bss.Ex_SliderInputTaskTCB
                0x20004094       0xf4 ./src/Source_Files/main.o
 .bss.Ex_LEDOutputTaskStk
                0x20004188      0x800 ./src/Source_Files/main.o
 .bss.Ex_LEDOutputTaskTCB
                0x20004988       0xf4 ./src/Source_Files/main.o
 *(COMMON)
 COMMON         0x20004a7c       0x78 ./SystemView/SEGGER_RTT.o
                0x20004a7c                _SEGGER_RTT
 COMMON         0x20004af4       0x18 ./SystemView/SEGGER_SYSVIEW_Config_MicriumOSKernel.o
                0x20004af4                local_err
 COMMON         0x20004b0c     0x2004 ./common/source/lib/lib_mem.o
                0x20004b0c                Mem_SegHeadPtr
                0x20004b10                Mem_Heap
 COMMON         0x20006b10        0x4 ./cpu/source/cpu_core.o
                0x20006b10                CPU_TS_TmrFreq_Hz
 COMMON         0x20006b14       0x10 ./kernel/source/os_cfg_app.o
                0x20006b14                OSCfg_StatTaskStk
                0x20006b18                OSCfg_MsgPool
                0x20006b1c                OSCfg_TmrTaskStk
                0x20006b20                OSCfg_ISRStk
 COMMON         0x20006b24       0x1c ./kernel/source/os_core.o
                0x20006b24                OSRoundRobinTimer
                0x20006b3c                OSRoundRobinCurTCB
 COMMON         0x20006b40        0x8 ./kernel/source/os_prio.o
                0x20006b40                OSPrioTbl
 COMMON         0x20006b48      0x59c ./kernel/source/os_var.o
                0x20006b48                OSSchedLockNestingCtr
                0x20006b4c                OSStatTaskTimeMax
                0x20006b50                OSTaskRegNextAvailID
                0x20006b51                OSRunning
                0x20006b54                OSRdyList
                0x20006e54                OSInitialized
                0x20006e56                OSMonQty
                0x20006e58                OSPrioHighRdy
                0x20006e59                OSStatTaskRdy
                0x20006e5c                OSSemDbgListPtr
                0x20006e60                OSPrioCur
                0x20006e64                OSTmrTickCtr
                0x20006e68                OSTCBCurPtr
                0x20006e6c                OSQQty
                0x20006e6e                OSStatTaskCPUUsageMax
                0x20006e70                OSTCBHighRdyPtr
                0x20006e74                OSTaskDbgListPtr
                0x20006e78                OSTmrTaskTimeMax
                0x20006e7c                OSTaskCtxSwCtr
                0x20006e80                OSStatTaskCPUUsage
                0x20006e82                OSTaskQty
                0x20006e84                OSTmrTaskTCB
                0x20006f78                OSMsgPool
                0x20006f84                OSQDbgListPtr
                0x20006f88                OSSemQty
                0x20006f8c                OSSchedRoundRobinDfltTimeQuanta
                0x20006f90                OSMonDbgListPtr
                0x20006f94                OSTmrMutex
                0x20006fc8                OSTmrQty
                0x20006fca                OSFlagQty
                0x20006fcc                OSFlagDbgListPtr
                0x20006fd0                OSStatResetFlag
                0x20006fd2                OSMutexQty
                0x20006fd4                OSStatTaskTCB
                0x200070c8                OSTmrListPtr
                0x200070cc                OSTmrDbgListPtr
                0x200070d0                OSTmrListEntries
                0x200070d4                OSTmrUpdateCnt
                0x200070d8                OSSchedRoundRobinEn
                0x200070dc                OSMutexDbgListPtr
                0x200070e0                OSTmrUpdateCtr
 COMMON         0x200070e4        0x4 ./ports/source/gnu/armv7m_os_cpu_c.o
                0x200070e4                OS_CPU_ExceptStkBase
 COMMON         0x200070e8        0x8 ./src/Source_Files/gpio.o
                0x200070e8                pb0_status
                0x200070e9                pb1_status
                0x200070ec                cap_status
                0x200070f0                . = ALIGN (0x4)
                0x200070f0                __bss_end__ = .

.heap           0x200070f0      0xc00
                0x200070f0                __HeapBase = .
                0x200070f0                __end__ = .
                0x200070f0                end = __end__
                0x200070f0                _end = __end__
 *(.heap*)
 .heap          0x200070f0      0xc00 ./CMSIS/EFM32PG12B/startup_efm32pg12b.o
                0x20007cf0                __HeapLimit = .

.stack_dummy    0x200070f0      0x400
 *(.stack*)
 .stack         0x200070f0      0x400 ./CMSIS/EFM32PG12B/startup_efm32pg12b.o
                0x20040000                __StackTop = (ORIGIN (RAM) + LENGTH (RAM))
                0x2003fc00                __StackLimit = (__StackTop - SIZEOF (.stack_dummy))
                0x20040000                PROVIDE (__stack, __StackTop)
                0x00000001                ASSERT ((__StackLimit >= __HeapLimit), region RAM overflowed with stack)
                0x00000001                ASSERT ((LENGTH (FLASH) >= (__etext + SIZEOF (.data))), FLASH memory overflowed !)
OUTPUT(AM_RTOS_Lab3_Tasks.axf elf32-littlearm)

.ARM.attributes
                0x00000000       0x2e
 .ARM.attributes
                0x00000000       0x22 c:/siliconlabs/simplicitystudio/v4_2/developer/toolchains/gnu_arm/7.2_2017q4/bin/../lib/gcc/arm-none-eabi/7.2.1/thumb/v7e-m/fpv4-sp/softfp/crti.o
 .ARM.attributes
                0x00000022       0x32 c:/siliconlabs/simplicitystudio/v4_2/developer/toolchains/gnu_arm/7.2_2017q4/bin/../lib/gcc/arm-none-eabi/7.2.1/thumb/v7e-m/fpv4-sp/softfp/crtbegin.o
 .ARM.attributes
                0x00000054       0x20 c:/siliconlabs/simplicitystudio/v4_2/developer/toolchains/gnu_arm/7.2_2017q4/bin/../lib/gcc/arm-none-eabi/7.2.1/../../../../arm-none-eabi/lib/thumb/v7e-m/fpv4-sp/softfp/crt0.o
 .ARM.attributes
                0x00000074       0x37 ./BSP/siliconlabs/generic/source/bsp_cpu.o
 .ARM.attributes
                0x000000ab       0x37 ./BSP/siliconlabs/generic/source/bsp_os.o
 .ARM.attributes
                0x000000e2       0x1f ./CMSIS/EFM32PG12B/startup_efm32pg12b.o
 .ARM.attributes
                0x00000101       0x37 ./CMSIS/EFM32PG12B/system_efm32pg12b.o
 .ARM.attributes
                0x00000138       0x37 ./Drivers/capsense.o
 .ARM.attributes
                0x0000016f       0x37 ./SystemView/SEGGER_RTT.o
 .ARM.attributes
                0x000001a6       0x25 ./SystemView/SEGGER_RTT_ASM_ARMv7M.o
 .ARM.attributes
                0x000001cb       0x37 ./SystemView/SEGGER_SYSVIEW.o
 .ARM.attributes
                0x00000202       0x37 ./SystemView/SEGGER_SYSVIEW_Config_MicriumOSKernel.o
 .ARM.attributes
                0x00000239       0x37 ./SystemView/SEGGER_SYSVIEW_MicriumOSKernel.o
 .ARM.attributes
                0x00000270       0x37 ./common/source/collections/slist.o
 .ARM.attributes
                0x000002a7       0x37 ./common/source/common/common.o
 .ARM.attributes
                0x000002de       0x37 ./common/source/kal/kal_kernel.o
 .ARM.attributes
                0x00000315       0x37 ./common/source/lib/lib_math.o
 .ARM.attributes
                0x0000034c       0x37 ./common/source/lib/lib_mem.o
 .ARM.attributes
                0x00000383       0x37 ./common/source/platform_mgr/platform_mgr.o
 .ARM.attributes
                0x000003ba       0x37 ./common/source/rtos/rtos_err_str.o
 .ARM.attributes
                0x000003f1       0x37 ./cpu/source/cpu_core.o
 .ARM.attributes
                0x00000428       0x37 ./emlib/em_acmp.o
 .ARM.attributes
                0x0000045f       0x37 ./emlib/em_assert.o
 .ARM.attributes
                0x00000496       0x37 ./emlib/em_cmu.o
 .ARM.attributes
                0x000004cd       0x37 ./emlib/em_core.o
 .ARM.attributes
                0x00000504       0x37 ./emlib/em_emu.o
 .ARM.attributes
                0x0000053b       0x37 ./emlib/em_gpio.o
 .ARM.attributes
                0x00000572       0x37 ./emlib/em_rtcc.o
 .ARM.attributes
                0x000005a9       0x37 ./kernel/source/os_cfg_app.o
 .ARM.attributes
                0x000005e0       0x37 ./kernel/source/os_core.o
 .ARM.attributes
                0x00000617       0x37 ./kernel/source/os_dbg.o
 .ARM.attributes
                0x0000064e       0x37 ./kernel/source/os_msg.o
 .ARM.attributes
                0x00000685       0x37 ./kernel/source/os_mutex.o
 .ARM.attributes
                0x000006bc       0x37 ./kernel/source/os_prio.o
 .ARM.attributes
                0x000006f3       0x37 ./kernel/source/os_stat.o
 .ARM.attributes
                0x0000072a       0x37 ./kernel/source/os_task.o
 .ARM.attributes
                0x00000761       0x37 ./kernel/source/os_time.o
 .ARM.attributes
                0x00000798       0x37 ./kernel/source/os_tmr.o
 .ARM.attributes
                0x000007cf       0x37 ./kernel/source/os_var.o
 .ARM.attributes
                0x00000806       0x25 ./ports/source/gnu/armv7m_cpu_a.o
 .ARM.attributes
                0x0000082b       0x25 ./ports/source/gnu/armv7m_os_cpu_a.o
 .ARM.attributes
                0x00000850       0x37 ./ports/source/gnu/armv7m_os_cpu_c.o
 .ARM.attributes
                0x00000887       0x37 ./service/sl_sleeptimer.o
 .ARM.attributes
                0x000008be       0x37 ./service/sl_sleeptimer_hal_rtcc.o
 .ARM.attributes
                0x000008f5       0x37 ./src/Source_Files/app.o
 .ARM.attributes
                0x0000092c       0x37 ./src/Source_Files/gpio.o
 .ARM.attributes
                0x00000963       0x37 ./src/Source_Files/main.o
 .ARM.attributes
                0x0000099a       0x22 c:/siliconlabs/simplicitystudio/v4_2/developer/toolchains/gnu_arm/7.2_2017q4/bin/../lib/gcc/arm-none-eabi/7.2.1/thumb/v7e-m/fpv4-sp/softfp\libgcc.a(_aeabi_uldivmod.o)
 .ARM.attributes
                0x000009bc       0x32 c:/siliconlabs/simplicitystudio/v4_2/developer/toolchains/gnu_arm/7.2_2017q4/bin/../lib/gcc/arm-none-eabi/7.2.1/thumb/v7e-m/fpv4-sp/softfp\libgcc.a(_udivmoddi4.o)
 .ARM.attributes
                0x000009ee       0x22 c:/siliconlabs/simplicitystudio/v4_2/developer/toolchains/gnu_arm/7.2_2017q4/bin/../lib/gcc/arm-none-eabi/7.2.1/thumb/v7e-m/fpv4-sp/softfp\libgcc.a(_dvmd_tls.o)
 .ARM.attributes
                0x00000a10       0x32 c:/siliconlabs/simplicitystudio/v4_2/developer/toolchains/gnu_arm/7.2_2017q4/bin/../lib/gcc/arm-none-eabi/7.2.1/../../../../arm-none-eabi/lib/thumb/v7e-m/fpv4-sp/softfp\libc_nano.a(lib_a-exit.o)
 .ARM.attributes
                0x00000a42       0x32 c:/siliconlabs/simplicitystudio/v4_2/developer/toolchains/gnu_arm/7.2_2017q4/bin/../lib/gcc/arm-none-eabi/7.2.1/../../../../arm-none-eabi/lib/thumb/v7e-m/fpv4-sp/softfp\libc_nano.a(lib_a-impure.o)
 .ARM.attributes
                0x00000a74       0x32 c:/siliconlabs/simplicitystudio/v4_2/developer/toolchains/gnu_arm/7.2_2017q4/bin/../lib/gcc/arm-none-eabi/7.2.1/../../../../arm-none-eabi/lib/thumb/v7e-m/fpv4-sp/softfp\libc_nano.a(lib_a-init.o)
 .ARM.attributes
                0x00000aa6       0x32 c:/siliconlabs/simplicitystudio/v4_2/developer/toolchains/gnu_arm/7.2_2017q4/bin/../lib/gcc/arm-none-eabi/7.2.1/../../../../arm-none-eabi/lib/thumb/v7e-m/fpv4-sp/softfp\libc_nano.a(lib_a-memcpy-stub.o)
 .ARM.attributes
                0x00000ad8       0x32 c:/siliconlabs/simplicitystudio/v4_2/developer/toolchains/gnu_arm/7.2_2017q4/bin/../lib/gcc/arm-none-eabi/7.2.1/../../../../arm-none-eabi/lib/thumb/v7e-m/fpv4-sp/softfp\libc_nano.a(lib_a-memset.o)
 .ARM.attributes
                0x00000b0a       0x32 c:/siliconlabs/simplicitystudio/v4_2/developer/toolchains/gnu_arm/7.2_2017q4/bin/../lib/gcc/arm-none-eabi/7.2.1/../../../../arm-none-eabi/lib/thumb/v7e-m/fpv4-sp/softfp\libc_nano.a(lib_a-strcpy.o)
 .ARM.attributes
                0x00000b3c       0x32 c:/siliconlabs/simplicitystudio/v4_2/developer/toolchains/gnu_arm/7.2_2017q4/bin/../lib/gcc/arm-none-eabi/7.2.1/../../../../arm-none-eabi/lib/thumb/v7e-m/fpv4-sp/softfp\libnosys.a(_exit.o)
 .ARM.attributes
                0x00000b6e       0x32 c:/siliconlabs/simplicitystudio/v4_2/developer/toolchains/gnu_arm/7.2_2017q4/bin/../lib/gcc/arm-none-eabi/7.2.1/thumb/v7e-m/fpv4-sp/softfp/crtend.o
 .ARM.attributes
                0x00000ba0       0x22 c:/siliconlabs/simplicitystudio/v4_2/developer/toolchains/gnu_arm/7.2_2017q4/bin/../lib/gcc/arm-none-eabi/7.2.1/thumb/v7e-m/fpv4-sp/softfp/crtn.o

.comment        0x00000000       0x7e
 .comment       0x00000000       0x7e ./BSP/siliconlabs/generic/source/bsp_cpu.o
                                 0x7f (size before relaxing)
 .comment       0x0000007e       0x7f ./BSP/siliconlabs/generic/source/bsp_os.o
 .comment       0x0000007e       0x7f ./CMSIS/EFM32PG12B/system_efm32pg12b.o
 .comment       0x0000007e       0x7f ./Drivers/capsense.o
 .comment       0x0000007e       0x7f ./SystemView/SEGGER_RTT.o
 .comment       0x0000007e       0x7f ./SystemView/SEGGER_SYSVIEW.o
 .comment       0x0000007e       0x7f ./SystemView/SEGGER_SYSVIEW_Config_MicriumOSKernel.o
 .comment       0x0000007e       0x7f ./SystemView/SEGGER_SYSVIEW_MicriumOSKernel.o
 .comment       0x0000007e       0x7f ./common/source/collections/slist.o
 .comment       0x0000007e       0x7f ./common/source/common/common.o
 .comment       0x0000007e       0x7f ./common/source/kal/kal_kernel.o
 .comment       0x0000007e       0x7f ./common/source/lib/lib_math.o
 .comment       0x0000007e       0x7f ./common/source/lib/lib_mem.o
 .comment       0x0000007e       0x7f ./common/source/platform_mgr/platform_mgr.o
 .comment       0x0000007e       0x7f ./common/source/rtos/rtos_err_str.o
 .comment       0x0000007e       0x7f ./cpu/source/cpu_core.o
 .comment       0x0000007e       0x7f ./emlib/em_acmp.o
 .comment       0x0000007e       0x7f ./emlib/em_assert.o
 .comment       0x0000007e       0x7f ./emlib/em_cmu.o
 .comment       0x0000007e       0x7f ./emlib/em_core.o
 .comment       0x0000007e       0x7f ./emlib/em_emu.o
 .comment       0x0000007e       0x7f ./emlib/em_gpio.o
 .comment       0x0000007e       0x7f ./emlib/em_rtcc.o
 .comment       0x0000007e       0x7f ./kernel/source/os_cfg_app.o
 .comment       0x0000007e       0x7f ./kernel/source/os_core.o